Component: ARM Compiler 5.06 update 6 (build 750) Tool: armlink [4d35ed]

==============================================================================

Section Cross References

    startup_stm32f407xx.o(RESET) refers to startup_stm32f407xx.o(STACK) for __initial_sp
    startup_stm32f407xx.o(RESET) refers to startup_stm32f407xx.o(.text) for Reset_Handler
    startup_stm32f407xx.o(RESET) refers to stm32f4xx_it.o(i.NMI_Handler) for NMI_Handler
    startup_stm32f407xx.o(RESET) refers to context_rvds.o(.text) for HardFault_Handler
    startup_stm32f407xx.o(RESET) refers to stm32f4xx_it.o(i.MemManage_Handler) for MemManage_Handler
    startup_stm32f407xx.o(RESET) refers to stm32f4xx_it.o(i.BusFault_Handler) for BusFault_Handler
    startup_stm32f407xx.o(RESET) refers to stm32f4xx_it.o(i.UsageFault_Handler) for UsageFault_Handler
    startup_stm32f407xx.o(RESET) refers to stm32f4xx_it.o(i.SVC_Handler) for SVC_Handler
    startup_stm32f407xx.o(RESET) refers to stm32f4xx_it.o(i.DebugMon_Handler) for DebugMon_Handler
    startup_stm32f407xx.o(RESET) refers to board.o(i.SysTick_Handler) for SysTick_Handler
    startup_stm32f407xx.o(RESET) refers to stm32f4xx_it.o(i.USART1_IRQHandler) for USART1_IRQHandler
    startup_stm32f407xx.o(RESET) refers to stm32f4xx_it.o(i.RTC_Alarm_IRQHandler) for RTC_Alarm_IRQHandler
    startup_stm32f407xx.o(.text) refers to system_stm32f4xx.o(i.SystemInit) for SystemInit
    startup_stm32f407xx.o(.text) refers to entry.o(.ARM.Collect$$$$00000000) for __main
    app_main.o(i.App_Main) refers to stm32f4xx_hal_gpio.o(i.HAL_GPIO_WritePin) for HAL_GPIO_WritePin
    app_main.o(i.App_Main) refers to lcd.o(i.LCD_Init) for LCD_Init
    app_main.o(i.App_Main) refers to spi_flash.o(i.W25QXX_Init) for W25QXX_Init
    app_main.o(i.App_Main) refers to printf8.o(i.__0sprintf$8) for __2sprintf
    app_main.o(i.App_Main) refers to app_main.o(i.show_sdcard_info) for show_sdcard_info
    app_main.o(i.App_Main) refers to ff.o(i.f_mount) for f_mount
    app_main.o(i.App_Main) refers to lcd.o(i.LCD_ShowString) for LCD_ShowString
    app_main.o(i.App_Main) refers to lcd.o(i.LCD_ShowNum) for LCD_ShowNum
    app_main.o(i.App_Main) refers to thread.o(i.rt_thread_init) for rt_thread_init
    app_main.o(i.App_Main) refers to idle.o(i.rt_thread_idle_sethook) for rt_thread_idle_sethook
    app_main.o(i.App_Main) refers to timer.o(i.rt_timer_create) for rt_timer_create
    app_main.o(i.App_Main) refers to timer.o(i.rt_timer_start) for rt_timer_start
    app_main.o(i.App_Main) refers to printf8.o(i.__0printf$8) for __2printf
    app_main.o(i.App_Main) refers to timer.o(i.rt_timer_init) for rt_timer_init
    app_main.o(i.App_Main) refers to ipc.o(i.rt_mb_init) for rt_mb_init
    app_main.o(i.App_Main) refers to ipc.o(i.rt_mq_init) for rt_mq_init
    app_main.o(i.App_Main) refers to ipc.o(i.rt_event_init) for rt_event_init
    app_main.o(i.App_Main) refers to ipc.o(i.rt_sem_init) for rt_sem_init
    app_main.o(i.App_Main) refers to thread.o(i.rt_thread_startup) for rt_thread_startup
    app_main.o(i.App_Main) refers to lcd.o(.data) for POINT_COLOR
    app_main.o(i.App_Main) refers to lcd.o(.bss) for lcddev
    app_main.o(i.App_Main) refers to app_main.o(.bss) for .bss
    app_main.o(i.App_Main) refers to sdio_sdcard.o(.bss) for SDCardInfo
    app_main.o(i.App_Main) refers to app_main.o(i.test_thread_entry) for test_thread_entry
    app_main.o(i.App_Main) refers to app_main.o(i.rt_thread_idle_test1) for rt_thread_idle_test1
    app_main.o(i.App_Main) refers to app_main.o(i.rt_thread_timer1) for rt_thread_timer1
    app_main.o(i.App_Main) refers to app_main.o(.data) for .data
    app_main.o(i.App_Main) refers to app_main.o(i.rt_thread_timer2) for rt_thread_timer2
    app_main.o(i.App_Main) refers to app_main.o(i.test_semaphore_entry) for test_semaphore_entry
    app_main.o(i.HAL_RTC_AlarmAEventCallback) refers to stm32f4xx_hal_gpio.o(i.HAL_GPIO_TogglePin) for HAL_GPIO_TogglePin
    app_main.o(i.rt_thread_idle_test1) refers to stm32f4xx_hal_gpio.o(i.HAL_GPIO_TogglePin) for HAL_GPIO_TogglePin
    app_main.o(i.rt_thread_idle_test1) refers to app_main.o(.data) for .data
    app_main.o(i.rt_thread_timer1) refers to stm32f4xx_hal_gpio.o(i.HAL_GPIO_TogglePin) for HAL_GPIO_TogglePin
    app_main.o(i.rt_thread_timer1) refers to app_main.o(.data) for .data
    app_main.o(i.rt_thread_timer2) refers to stm32f4xx_hal_gpio.o(i.HAL_GPIO_TogglePin) for HAL_GPIO_TogglePin
    app_main.o(i.show_sdcard_info) refers to stm32f4xx_hal_sd.o(i.HAL_SD_GetCardCID) for HAL_SD_GetCardCID
    app_main.o(i.show_sdcard_info) refers to sdio_sdcard.o(i.SD_GetCardInfo) for SD_GetCardInfo
    app_main.o(i.show_sdcard_info) refers to printf8.o(i.__0printf$8) for __2printf
    app_main.o(i.show_sdcard_info) refers to sdio_sdcard.o(.bss) for SDCARD_Handler
    app_main.o(i.test_semaphore_entry) refers to ipc.o(i.rt_sem_take) for rt_sem_take
    app_main.o(i.test_semaphore_entry) refers to printf8.o(i.__0printf$8) for __2printf
[...]
    strcpy                                   0x08000407   Thumb Code    18  strcpy.o(.text)
    strncmp                                  0x08000419   Thumb Code    30  strncmp.o(.text)
    __aeabi_dmul                             0x08000437   Thumb Code   228  dmul.o(.text)
    __aeabi_ui2d                             0x0800051b   Thumb Code    26  dfltui.o(.text)
    __aeabi_d2uiz                            0x08000535   Thumb Code    50  dfixui.o(.text)
    __aeabi_llsl                             0x08000567   Thumb Code    30  llshl.o(.text)
    _ll_shift_l                              0x08000567   Thumb Code     0  llshl.o(.text)
    __aeabi_llsr                             0x08000585   Thumb Code    32  llushr.o(.text)
    _ll_ushift_r                             0x08000585   Thumb Code     0  llushr.o(.text)
    __I$use$fp                               0x080005a5   Thumb Code     0  iusefp.o(.text)
    _double_round                            0x080005a5   Thumb Code    30  depilogue.o(.text)
    _double_epilogue                         0x080005c3   Thumb Code   156  depilogue.o(.text)
    __scatterload                            0x08000661   Thumb Code    28  init.o(.text)
    __scatterload_rt2                        0x08000661   Thumb Code     0  init.o(.text)
    __decompress                             0x08000685   Thumb Code     0  __dczerorl2.o(.text)
    __decompress1                            0x08000685   Thumb Code    86  __dczerorl2.o(.text)
    main                                     0x080006db   Thumb Code    10  components.o(i.$Sub$$main)
    App_Main                                 0x080006e5   Thumb Code   382  app_main.o(i.App_Main)
    BusFault_Handler                         0x08000969   Thumb Code     2  stm32f4xx_it.o(i.BusFault_Handler)
    DebugMon_Handler                         0x0800096b   Thumb Code     2  stm32f4xx_it.o(i.DebugMon_Handler)
    FSMC_NORSRAM_Extended_Timing_Init        0x0800096d   Thumb Code    60  stm32f4xx_ll_fsmc.o(i.FSMC_NORSRAM_Extended_Timing_Init)
    FSMC_NORSRAM_Init                        0x080009ad   Thumb Code    80  stm32f4xx_ll_fsmc.o(i.FSMC_NORSRAM_Init)
    FSMC_NORSRAM_Timing_Init                 0x08000a01   Thumb Code    64  stm32f4xx_ll_fsmc.o(i.FSMC_NORSRAM_Timing_Init)
    HAL_DMA_Abort_IT                         0x08000a45   Thumb Code    36  stm32f4xx_hal_dma.o(i.HAL_DMA_Abort_IT)
    HAL_Delay                                0x08000a69   Thumb Code    32  stm32f4xx_hal.o(i.HAL_Delay)
    HAL_GPIO_Init                            0x08000b35   Thumb Code   394  stm32f4xx_hal_gpio.o(i.HAL_GPIO_Init)
    HAL_GPIO_ReadPin                         0x08000ced   Thumb Code    10  stm32f4xx_hal_gpio.o(i.HAL_GPIO_ReadPin)
    HAL_GPIO_TogglePin                       0x08000cf7   Thumb Code    14  stm32f4xx_hal_gpio.o(i.HAL_GPIO_TogglePin)
    HAL_GPIO_WritePin                        0x08000d05   Thumb Code    10  stm32f4xx_hal_gpio.o(i.HAL_GPIO_WritePin)
    HAL_GetTick                              0x08000d11   Thumb Code     6  stm32f4xx_hal.o(i.HAL_GetTick)
    HAL_IncTick                              0x08000d1d   Thumb Code    12  stm32f4xx_hal.o(i.HAL_IncTick)
    HAL_Init                                 0x08000d2d   Thumb Code    48  stm32f4xx_hal.o(i.HAL_Init)
    HAL_InitTick                             0x08000d61   Thumb Code    54  stm32f4xx_hal.o(i.HAL_InitTick)
    HAL_MspInit                              0x08000da1   Thumb Code    42  stm32f4xx_hal_msp.o(i.HAL_MspInit)
    HAL_NVIC_EnableIRQ                       0x08000dd1   Thumb Code    26  stm32f4xx_hal_cortex.o(i.HAL_NVIC_EnableIRQ)
    HAL_NVIC_SetPriority                     0x08000ded   Thumb Code    60  stm32f4xx_hal_cortex.o(i.HAL_NVIC_SetPriority)
    HAL_NVIC_SetPriorityGrouping             0x08000e2d   Thumb Code    26  stm32f4xx_hal_cortex.o(i.HAL_NVIC_SetPriorityGrouping)
    HAL_RCCEx_PeriphCLKConfig                0x08000e51   Thumb Code   296  stm32f4xx_hal_rcc_ex.o(i.HAL_RCCEx_PeriphCLKConfig)
    HAL_RCC_ClockConfig                      0x08000f8d   Thumb Code   288  stm32f4xx_hal_rcc.o(i.HAL_RCC_ClockConfig)
    HAL_RCC_EnableCSS                        0x080010c1   Thumb Code     8  stm32f4xx_hal_rcc.o(i.HAL_RCC_EnableCSS)
    HAL_RCC_GetPCLK1Freq                     0x080010cd   Thumb Code    20  stm32f4xx_hal_rcc.o(i.HAL_RCC_GetPCLK1Freq)
    HAL_RCC_GetPCLK2Freq                     0x080010ed   Thumb Code    20  stm32f4xx_hal_rcc.o(i.HAL_RCC_GetPCLK2Freq)
    HAL_RCC_GetSysClockFreq                  0x0800110d   Thumb Code    88  stm32f4xx_hal_rcc.o(i.HAL_RCC_GetSysClockFreq)
    HAL_RCC_OscConfig                        0x0800116d   Thumb Code   834  stm32f4xx_hal_rcc.o(i.HAL_RCC_OscConfig)
    HAL_RTCEx_AlarmBEventCallback            0x080014c9   Thumb Code     2  stm32f4xx_hal_rtc_ex.o(i.HAL_RTCEx_AlarmBEventCallback)
    HAL_RTCEx_BKUPRead                       0x080014cb   Thumb Code    10  stm32f4xx_hal_rtc_ex.o(i.HAL_RTCEx_BKUPRead)
    HAL_RTCEx_BKUPWrite                      0x080014d5   Thumb Code    10  stm32f4xx_hal_rtc_ex.o(i.HAL_RTCEx_BKUPWrite)
    HAL_RTC_AlarmAEventCallback              0x080014e1   Thumb Code    10  app_main.o(i.HAL_RTC_AlarmAEventCallback)
    HAL_RTC_AlarmIRQHandler                  0x080014f1   Thumb Code    86  stm32f4xx_hal_rtc.o(i.HAL_RTC_AlarmIRQHandler)
    HAL_RTC_Init                             0x0800154d   Thumb Code   166  stm32f4xx_hal_rtc.o(i.HAL_RTC_Init)
    HAL_RTC_MspInit                          0x080015f9   Thumb Code    38  stm32f4xx_hal_msp.o(i.HAL_RTC_MspInit)
    HAL_RTC_SetAlarm_IT                      0x08001629   Thumb Code   366  stm32f4xx_hal_rtc.o(i.HAL_RTC_SetAlarm_IT)
    HAL_RTC_SetDate                          0x080017a1   Thumb Code   194  stm32f4xx_hal_rtc.o(i.HAL_RTC_SetDate)
    HAL_RTC_SetTime                          0x08001869   Thumb Code   230  stm32f4xx_hal_rtc.o(i.HAL_RTC_SetTime)
    HAL_RTC_WaitForSynchro                   0x08001955   Thumb Code    54  stm32f4xx_hal_rtc.o(i.HAL_RTC_WaitForSynchro)
    HAL_SD_ConfigWideBusOperation            0x0800198d   Thumb Code   238  stm32f4xx_hal_sd.o(i.HAL_SD_ConfigWideBusOperation)
    HAL_SD_GetCardCID                        0x08001a81   Thumb Code    80  stm32f4xx_hal_sd.o(i.HAL_SD_GetCardCID)
    HAL_SD_GetCardCSD                        0x08001ad1   Thumb Code   402  stm32f4xx_hal_sd.o(i.HAL_SD_GetCardCSD)
    HAL_SD_GetCardInfo                       0x08001c69   Thumb Code    36  stm32f4xx_hal_sd.o(i.HAL_SD_GetCardInfo)
    HAL_SD_GetCardState                      0x08001c8d   Thumb Code    44  stm32f4xx_hal_sd.o(i.HAL_SD_GetCardState)
    HAL_SD_Init                              0x08001cb9   Thumb Code    54  stm32f4xx_hal_sd.o(i.HAL_SD_Init)
    HAL_SD_InitCard                          0x08001cf1   Thumb Code    78  stm32f4xx_hal_sd.o(i.HAL_SD_InitCard)
    HAL_SD_MspInit                           0x08001d45   Thumb Code   130  stm32f4xx_hal_msp.o(i.HAL_SD_MspInit)
    HAL_SD_ReadBlocks                        0x08001dd9   Thumb Code   500  stm32f4xx_hal_sd.o(i.HAL_SD_ReadBlocks)
    HAL_SD_WriteBlocks                       0x08001fd1   Thumb Code   454  stm32f4xx_hal_sd.o(i.HAL_SD_WriteBlocks)
    HAL_SPI_Init                             0x0800219d   Thumb Code   128  stm32f4xx_hal_spi.o(i.HAL_SPI_Init)
    HAL_SPI_MspInit                          0x0800221d   Thumb Code    74  spi_flash.o(i.HAL_SPI_MspInit)
    HAL_SPI_TransmitReceive                  0x08002271   Thumb Code   482  stm32f4xx_hal_spi.o(i.HAL_SPI_TransmitReceive)
    HAL_SRAM_Init                            0x08002453   Thumb Code    86  stm32f4xx_hal_sram.o(i.HAL_SRAM_Init)
    HAL_SRAM_MspInit                         0x080024a9   Thumb Code     4  stm32f4xx_hal_msp.o(i.HAL_SRAM_MspInit)
    HAL_SYSTICK_Config                       0x080024ad   Thumb Code    40  stm32f4xx_hal_cortex.o(i.HAL_SYSTICK_Config)
    HAL_UART_ErrorCallback                   0x080024d5   Thumb Code     2  stm32f4xx_hal_uart.o(i.HAL_UART_ErrorCallback)
    HAL_UART_GetState                        0x080024d7   Thumb Code    10  stm32f4xx_hal_uart.o(i.HAL_UART_GetState)
    HAL_UART_IRQHandler                      0x080024e1   Thumb Code   270  stm32f4xx_hal_uart.o(i.HAL_UART_IRQHandler)
    HAL_UART_Init                            0x080025f5   Thumb Code    98  stm32f4xx_hal_uart.o(i.HAL_UART_Init)
    HAL_UART_MspInit                         0x08002659   Thumb Code   110  stm32f4xx_hal_msp.o(i.HAL_UART_MspInit)
    HAL_UART_Receive_IT                      0x080026d5   Thumb Code    82  stm32f4xx_hal_uart.o(i.HAL_UART_Receive_IT)
    HAL_UART_RxCpltCallback                  0x08002729   Thumb Code    84  usart.o(i.HAL_UART_RxCpltCallback)
    HAL_UART_TxCpltCallback                  0x08002789   Thumb Code     2  stm32f4xx_hal_uart.o(i.HAL_UART_TxCpltCallback)
    LCD_Clear                                0x0800278d   Thumb Code    48  lcd.o(i.LCD_Clear)
    LCD_Display_Dir                          0x080027c1   Thumb Code   180  lcd.o(i.LCD_Display_Dir)
    LCD_Fast_DrawPoint                       0x08002879   Thumb Code   202  lcd.o(i.LCD_Fast_DrawPoint)
    LCD_Init                                 0x08002949   Thumb Code  9520  lcd.o(i.LCD_Init)
    LCD_Pow                                  0x08004e7d   Thumb Code    16  lcd.o(i.LCD_Pow)
    LCD_RD_DATA                              0x08004e8d   Thumb Code    20  lcd.o(i.LCD_RD_DATA)
    LCD_SSD_BackLightSet                     0x08004ea1   Thumb Code    72  lcd.o(i.LCD_SSD_BackLightSet)
    LCD_Scan_Dir                             0x08004ef1   Thumb Code   380  lcd.o(i.LCD_Scan_Dir)
    LCD_SetCursor                            0x08005071   Thumb Code   238  lcd.o(i.LCD_SetCursor)
    LCD_ShowChar                             0x08005165   Thumb Code   204  lcd.o(i.LCD_ShowChar)
    LCD_ShowNum                              0x08005249   Thumb Code   118  lcd.o(i.LCD_ShowNum)
    LCD_ShowString                           0x080052bf   Thumb Code    84  lcd.o(i.LCD_ShowString)
    LCD_WR_DATA                              0x08005313   Thumb Code    24  lcd.o(i.LCD_WR_DATA)
    LCD_WR_REG                               0x0800532b   Thumb Code    24  lcd.o(i.LCD_WR_REG)
    LCD_WriteRAM_Prepare                     0x08005345   Thumb Code    14  lcd.o(i.LCD_WriteRAM_Prepare)
    LCD_WriteReg                             0x08005359   Thumb Code    12  lcd.o(i.LCD_WriteReg)
    MX_USART1_UART_Init                      0x08005661   Thumb Code    48  main.o(i.MX_USART1_UART_Init)
    MemManage_Handler                        0x0800569d   Thumb Code     2  stm32f4xx_it.o(i.MemManage_Handler)
    NMI_Handler                              0x0800569f   Thumb Code     2  stm32f4xx_it.o(i.NMI_Handler)
    RTC_Alarm_IRQHandler                     0x080056a1   Thumb Code     6  stm32f4xx_it.o(i.RTC_Alarm_IRQHandler)
    RTC_ByteToBcd2                           0x080056ad   Thumb Code    22  stm32f4xx_hal_rtc.o(i.RTC_ByteToBcd2)
    RTC_EnterInitMode                        0x080056c5   Thumb Code    58  stm32f4xx_hal_rtc.o(i.RTC_EnterInitMode)
    SDIO_ConfigData                          0x080056ff   Thumb Code    36  stm32f4xx_ll_sdmmc.o(i.SDIO_ConfigData)
    SDIO_GetPowerState                       0x08005723   Thumb Code     8  stm32f4xx_ll_sdmmc.o(i.SDIO_GetPowerState)
    SDIO_GetResponse                         0x0800572b   Thumb Code     6  stm32f4xx_ll_sdmmc.o(i.SDIO_GetResponse)
    SDIO_Init                                0x08005731   Thumb Code    36  stm32f4xx_ll_sdmmc.o(i.SDIO_Init)
    SDIO_PowerState_ON                       0x08005755   Thumb Code    16  stm32f4xx_ll_sdmmc.o(i.SDIO_PowerState_ON)
    SDIO_ReadFIFO                            0x08005765   Thumb Code     6  stm32f4xx_ll_sdmmc.o(i.SDIO_ReadFIFO)
    SDIO_SendCommand                         0x0800576b   Thumb Code    32  stm32f4xx_ll_sdmmc.o(i.SDIO_SendCommand)
    SDIO_WriteFIFO                           0x0800578b   Thumb Code    10  stm32f4xx_ll_sdmmc.o(i.SDIO_WriteFIFO)
    SDMMC_CmdAppCommand                      0x08005795   Thumb Code    50  stm32f4xx_ll_sdmmc.o(i.SDMMC_CmdAppCommand)
    SDMMC_CmdAppOperCommand                  0x080057c9   Thumb Code    48  stm32f4xx_ll_sdmmc.o(i.SDMMC_CmdAppOperCommand)
    SDMMC_CmdBlockLength                     0x080057fd   Thumb Code    50  stm32f4xx_ll_sdmmc.o(i.SDMMC_CmdBlockLength)
    SDMMC_CmdBusWidth                        0x0800582f   Thumb Code    50  stm32f4xx_ll_sdmmc.o(i.SDMMC_CmdBusWidth)
    SDMMC_CmdGoIdleState                     0x08005861   Thumb Code    74  stm32f4xx_ll_sdmmc.o(i.SDMMC_CmdGoIdleState)
    SDMMC_CmdOperCond                        0x080058b1   Thumb Code   112  stm32f4xx_ll_sdmmc.o(i.SDMMC_CmdOperCond)
    SDMMC_CmdReadMultiBlock                  0x08005925   Thumb Code    50  stm32f4xx_ll_sdmmc.o(i.SDMMC_CmdReadMultiBlock)
    SDMMC_CmdReadSingleBlock                 0x08005957   Thumb Code    50  stm32f4xx_ll_sdmmc.o(i.SDMMC_CmdReadSingleBlock)
    SDMMC_CmdSelDesel                        0x08005989   Thumb Code    50  stm32f4xx_ll_sdmmc.o(i.SDMMC_CmdSelDesel)
    SDMMC_CmdSendCID                         0x080059bb   Thumb Code    44  stm32f4xx_ll_sdmmc.o(i.SDMMC_CmdSendCID)
    SDMMC_CmdSendCSD                         0x080059e7   Thumb Code    44  stm32f4xx_ll_sdmmc.o(i.SDMMC_CmdSendCSD)
    SDMMC_CmdSendSCR                         0x08005a13   Thumb Code    48  stm32f4xx_ll_sdmmc.o(i.SDMMC_CmdSendSCR)
    SDMMC_CmdSendStatus                      0x08005a43   Thumb Code    50  stm32f4xx_ll_sdmmc.o(i.SDMMC_CmdSendStatus)
    SDMMC_CmdSetRelAdd                       0x08005a75   Thumb Code    48  stm32f4xx_ll_sdmmc.o(i.SDMMC_CmdSetRelAdd)
    SDMMC_CmdStopTransfer                    0x08005aa5   Thumb Code    46  stm32f4xx_ll_sdmmc.o(i.SDMMC_CmdStopTransfer)
    SDMMC_CmdWriteMultiBlock                 0x08005ad9   Thumb Code    50  stm32f4xx_ll_sdmmc.o(i.SDMMC_CmdWriteMultiBlock)
    SDMMC_CmdWriteSingleBlock                0x08005b0b   Thumb Code    50  stm32f4xx_ll_sdmmc.o(i.SDMMC_CmdWriteSingleBlock)
    SD_GetCardInfo                           0x08005e4d   Thumb Code     8  sdio_sdcard.o(i.SD_GetCardInfo)
    SD_GetCardState                          0x08005e59   Thumb Code    20  sdio_sdcard.o(i.SD_GetCardState)
    SD_Init                                  0x08005e71   Thumb Code    60  sdio_sdcard.o(i.SD_Init)
    SD_ReadDisk                              0x08006059   Thumb Code    54  sdio_sdcard.o(i.SD_ReadDisk)
    SD_WriteDisk                             0x08006099   Thumb Code    54  sdio_sdcard.o(i.SD_WriteDisk)
    SPI1_Init                                0x080060d9   Thumb Code    72  spi_flash.o(i.SPI1_Init)
    SPI1_ReadWriteByte                       0x08006129   Thumb Code    28  spi_flash.o(i.SPI1_ReadWriteByte)
    SPI1_SetSpeed                            0x08006149   Thumb Code    46  spi_flash.o(i.SPI1_SetSpeed)
    SVC_Handler                              0x08006269   Thumb Code     2  stm32f4xx_it.o(i.SVC_Handler)
    SysTick_Handler                          0x0800626b   Thumb Code    22  board.o(i.SysTick_Handler)
    SystemClock_Config                       0x08006281   Thumb Code   154  main.o(i.SystemClock_Config)
    SystemInit                               0x08006325   Thumb Code    22  system_stm32f4xx.o(i.SystemInit)
    USART1_IRQHandler                        0x08006591   Thumb Code    34  stm32f4xx_it.o(i.USART1_IRQHandler)
    UsageFault_Handler                       0x080065bd   Thumb Code     2  stm32f4xx_it.o(i.UsageFault_Handler)
    W25QXX_Init                              0x080065c1   Thumb Code   124  spi_flash.o(i.W25QXX_Init)
    W25QXX_ReadID                            0x08006649   Thumb Code    76  spi_flash.o(i.W25QXX_ReadID)
    W25QXX_ReadSR                            0x08006699   Thumb Code    68  spi_flash.o(i.W25QXX_ReadSR)
    __0printf$8                              0x080066e1   Thumb Code    22  printf8.o(i.__0printf$8)
    __1printf$8                              0x080066e1   Thumb Code     0  printf8.o(i.__0printf$8)
    __2printf                                0x080066e1   Thumb Code     0  printf8.o(i.__0printf$8)
    __0sprintf$8                             0x08006701   Thumb Code    34  printf8.o(i.__0sprintf$8)
    __1sprintf$8                             0x08006701   Thumb Code     0  printf8.o(i.__0sprintf$8)
    __2sprintf                               0x08006701   Thumb Code     0  printf8.o(i.__0sprintf$8)
    __rt_ffs                                 0x08006749   Thumb Code    64  kservice.o(i.__rt_ffs)
    __scatterload_copy                       0x0800678d   Thumb Code    14  handlers.o(i.__scatterload_copy)
    __scatterload_null                       0x0800679b   Thumb Code     2  handlers.o(i.__scatterload_null)
    __scatterload_zeroinit                   0x0800679d   Thumb Code    14  handlers.o(i.__scatterload_zeroinit)
    cmd_free                                 0x08006fa1   Thumb Code    10  msh.o(i.cmd_free)
    cmd_ps                                   0x08006fab   Thumb Code    10  msh.o(i.cmd_ps)
    delay_init                               0x08006fb5   Thumb Code     6  delay.o(i.delay_init)
    delay_ms                                 0x08006fc1   Thumb Code    26  delay.o(i.delay_ms)
    delay_us                                 0x08006fdd   Thumb Code    48  delay.o(i.delay_us)
    disk_initialize                          0x08007011   Thumb Code    24  diskio.o(i.disk_initialize)
    disk_read                                0x08007029   Thumb Code    36  diskio.o(i.disk_read)
    disk_status                              0x0800704d   Thumb Code    24  diskio.o(i.disk_status)
    disk_write                               0x08007065   Thumb Code    36  diskio.o(i.disk_write)
    f_mount                                  0x08007089   Thumb Code    66  ff.o(i.f_mount)
    finsh_get_prompt                         0x080070d1   Thumb Code    66  shell.o(i.finsh_get_prompt)
    finsh_set_prompt_mode                    0x08007131   Thumb Code    34  shell.o(i.finsh_set_prompt_mode)
    finsh_system_function_init               0x08007171   Thumb Code     8  shell.o(i.finsh_system_function_init)
    finsh_system_init                        0x0800717d   Thumb Code    90  shell.o(i.finsh_system_init)
    finsh_thread_entry                       0x08007211   Thumb Code   612  shell.o(i.finsh_thread_entry)
    fputc                                    0x0800749d   Thumb Code    14  usart.o(i.fputc)
    hello                                    0x08007561   Thumb Code    12  cmd.o(i.hello)
    list                                     0x080075a1   Thumb Code    48  cmd.o(i.list)
    list_event                               0x080075f5   Thumb Code   184  cmd.o(i.list_event)
    list_mailbox                             0x080077b1   Thumb Code   200  cmd.o(i.list_mailbox)
    list_mem                                 0x080078f5   Thumb Code    32  mem.o(i.list_mem)
    list_msgqueue                            0x08007961   Thumb Code   188  cmd.o(i.list_msgqueue)
    list_mutex                               0x08007a89   Thumb Code   148  cmd.o(i.list_mutex)
    list_sem                                 0x08007b81   Thumb Code   188  cmd.o(i.list_sem)
    list_thread                              0x08007c9d   Thumb Code   250  cmd.o(i.list_thread)
    list_timer                               0x08007e55   Thumb Code   160  cmd.o(i.list_timer)
    $Super$$main                             0x08007f95   Thumb Code    36  main.o(i.main)
    main_thread_entry                        0x08007fb9   Thumb Code    14  components.o(i.main_thread_entry)
    msh_auto_complete                        0x08008329   Thumb Code   150  msh.o(i.msh_auto_complete)
    msh_exec                                 0x080083d5   Thumb Code    74  msh.o(i.msh_exec)
    msh_help                                 0x08008439   Thumb Code    56  msh.o(i.msh_help)
    msh_is_used                              0x080084a5   Thumb Code     4  msh.o(i.msh_is_used)
    rt_application_init                      0x080087a9   Thumb Code    48  components.o(i.rt_application_init)
    rt_assert_handler                        0x080087f9   Thumb Code    46  kservice.o(i.rt_assert_handler)
    rt_calloc                                0x08008865   Thumb Code    26  mem.o(i.rt_calloc)
    rt_components_board_init                 0x08008881   Thumb Code    20  components.o(i.rt_components_board_init)
    rt_components_init                       0x0800889d   Thumb Code    20  components.o(i.rt_components_init)
    rt_enter_critical                        0x080088b9   Thumb Code    22  scheduler.o(i.rt_enter_critical)
    rt_event_init                            0x080088d5   Thumb Code    48  ipc.o(i.rt_event_init)
    rt_event_recv                            0x0800891d   Thumb Code   338  ipc.o(i.rt_event_recv)
    rt_event_send                            0x08008af9   Thumb Code   182  ipc.o(i.rt_event_send)
    rt_exit_critical                         0x08008bd1   Thumb Code    52  scheduler.o(i.rt_exit_critical)
    rt_free                                  0x08008c09   Thumb Code   230  mem.o(i.rt_free)
    rt_heap_begin_get                        0x08008dd5   Thumb Code     4  board.o(i.rt_heap_begin_get)
    rt_heap_end_get                          0x08008ddd   Thumb Code     4  board.o(i.rt_heap_end_get)
    rt_hw_board_init                         0x08008de5   Thumb Code    74  board.o(i.rt_hw_board_init)
    rt_hw_console_getchar                    0x08008e39   Thumb Code    68  usart.o(i.rt_hw_console_getchar)
    rt_hw_console_output                     0x08008e85   Thumb Code    48  usart.o(i.rt_hw_console_output)
    rt_hw_hard_fault_exception               0x08008eb9   Thumb Code   198  cpuport.o(i.rt_hw_hard_fault_exception)
    rt_hw_stack_init                         0x080090d1   Thumb Code    54  cpuport.o(i.rt_hw_stack_init)
    rt_interrupt_enter                       0x0800910d   Thumb Code    32  irq.o(i.rt_interrupt_enter)
    rt_interrupt_get_nest                    0x08009131   Thumb Code     6  irq.o(i.rt_interrupt_get_nest)
    rt_interrupt_leave                       0x0800913d   Thumb Code    32  irq.o(i.rt_interrupt_leave)
    rt_kprintf                               0x080091c5   Thumb Code    28  kservice.o(i.rt_kprintf)
    rt_malloc                                0x08009255   Thumb Code   354  mem.o(i.rt_malloc)
    rt_mb_init                               0x08009451   Thumb Code    70  ipc.o(i.rt_mb_init)
    rt_mb_recv                               0x080094ad   Thumb Code   392  ipc.o(i.rt_mb_recv)
    rt_mb_send                               0x080096b9   Thumb Code     6  ipc.o(i.rt_mb_send)
    rt_mb_send_wait                          0x080096c1   Thumb Code   356  ipc.o(i.rt_mb_send_wait)
    rt_memcpy                                0x080098a5   Thumb Code    74  kservice.o(i.rt_memcpy)
    rt_memmove                               0x080098f1   Thumb Code    50  kservice.o(i.rt_memmove)
    rt_memset                                0x08009925   Thumb Code    70  kservice.o(i.rt_memset)
    rt_mq_init                               0x0800996d   Thumb Code   114  ipc.o(i.rt_mq_init)
    rt_mq_recv                               0x080099f5   Thumb Code   410  ipc.o(i.rt_mq_recv)
    rt_mq_send                               0x08009c31   Thumb Code   202  ipc.o(i.rt_mq_send)
    rt_object_allocate                       0x08009d39   Thumb Code   144  object.o(i.rt_object_allocate)
    rt_object_delete                         0x08009e15   Thumb Code    80  object.o(i.rt_object_delete)
    rt_object_detach                         0x08009ead   Thumb Code    56  object.o(i.rt_object_detach)
    rt_object_get_information                0x08009f01   Thumb Code    30  object.o(i.rt_object_get_information)
    rt_object_get_type                       0x08009f25   Thumb Code    26  object.o(i.rt_object_get_type)
    rt_object_init                           0x08009f59   Thumb Code   124  object.o(i.rt_object_init)
    rt_object_is_systemobject                0x0800a005   Thumb Code    32  object.o(i.rt_object_is_systemobject)
    rt_schedule                              0x0800a03d   Thumb Code    88  scheduler.o(i.rt_schedule)
    rt_schedule_insert_thread                0x0800a0a1   Thumb Code    84  scheduler.o(i.rt_schedule_insert_thread)
    rt_schedule_remove_thread                0x0800a115   Thumb Code    78  scheduler.o(i.rt_schedule_remove_thread)
    rt_sem_init                              0x0800a185   Thumb Code    68  ipc.o(i.rt_sem_init)
    rt_sem_release                           0x0800a1f1   Thumb Code    98  ipc.o(i.rt_sem_release)
    rt_sem_take                              0x0800a271   Thumb Code   248  ipc.o(i.rt_sem_take)
    rt_show_version                          0x0800a3ed   Thumb Code    40  kservice.o(i.rt_show_version)
    rt_soft_timer_check                      0x0800a49d   Thumb Code   128  timer.o(i.rt_soft_timer_check)
    rt_strlen                                0x0800a521   Thumb Code    16  kservice.o(i.rt_strlen)
    rt_strncpy                               0x0800a531   Thumb Code    38  kservice.o(i.rt_strncpy)
    rt_system_heap_init                      0x0800a559   Thumb Code   140  mem.o(i.rt_system_heap_init)
    rt_system_scheduler_init                 0x0800a661   Thumb Code    44  scheduler.o(i.rt_system_scheduler_init)
    rt_system_scheduler_start                0x0800a695   Thumb Code    32  scheduler.o(i.rt_system_scheduler_start)
    rt_system_timer_init                     0x0800a6bd   Thumb Code     8  timer.o(i.rt_system_timer_init)
    rt_system_timer_thread_init              0x0800a6c9   Thumb Code    48  timer.o(i.rt_system_timer_thread_init)
    rt_thread_create                         0x0800a70d   Thumb Code    72  thread.o(i.rt_thread_create)
    rt_thread_delay                          0x0800a755   Thumb Code     4  thread.o(i.rt_thread_delay)
    rt_thread_exit                           0x0800a759   Thumb Code    80  thread.o(i.rt_thread_exit)
    rt_thread_idle_excute                    0x0800a7cd   Thumb Code   152  idle.o(i.rt_thread_idle_excute)
    rt_thread_idle_init                      0x0800a899   Thumb Code    40  idle.o(i.rt_thread_idle_init)
    rt_thread_idle_sethook                   0x0800a8d1   Thumb Code    50  idle.o(i.rt_thread_idle_sethook)
    rt_thread_init                           0x0800a92d   Thumb Code    80  thread.o(i.rt_thread_init)
    rt_thread_mdelay                         0x0800a9ad   Thumb Code    14  thread.o(i.rt_thread_mdelay)
    rt_thread_resume                         0x0800a9bd   Thumb Code   106  thread.o(i.rt_thread_resume)
    rt_thread_self                           0x0800aa49   Thumb Code     6  thread.o(i.rt_thread_self)
    rt_thread_sleep                          0x0800aa55   Thumb Code    96  thread.o(i.rt_thread_sleep)
    rt_thread_startup                        0x0800aad5   Thumb Code   100  thread.o(i.rt_thread_startup)
    rt_thread_suspend                        0x0800ab91   Thumb Code   112  thread.o(i.rt_thread_suspend)
    rt_thread_timeout                        0x0800ac21   Thumb Code    92  thread.o(i.rt_thread_timeout)
    rt_thread_yield                          0x0800ad3d   Thumb Code    86  thread.o(i.rt_thread_yield)
    rt_tick_from_millisecond                 0x0800ad9d   Thumb Code    50  clock.o(i.rt_tick_from_millisecond)
    rt_tick_get                              0x0800add1   Thumb Code     6  clock.o(i.rt_tick_get)
    rt_tick_increase                         0x0800addd   Thumb Code    38  clock.o(i.rt_tick_increase)
    rt_timer_check                           0x0800ae09   Thumb Code   118  timer.o(i.rt_timer_check)
    rt_timer_control                         0x0800ae85   Thumb Code    92  timer.o(i.rt_timer_control)
    rt_timer_create                          0x0800af35   Thumb Code    46  timer.o(i.rt_timer_create)
    rt_timer_detach                          0x0800af65   Thumb Code    82  timer.o(i.rt_timer_detach)
    rt_timer_init                            0x0800b039   Thumb Code    56  timer.o(i.rt_timer_init)
    rt_timer_start                           0x0800b099   Thumb Code   244  timer.o(i.rt_timer_start)
    rt_timer_stop                            0x0800b211   Thumb Code    92  timer.o(i.rt_timer_stop)
    rt_vsnprintf                             0x0800b2c5   Thumb Code   626  kservice.o(i.rt_vsnprintf)
    rtthread_startup                         0x0800b551   Thumb Code    42  components.o(i.rtthread_startup)
    show_sdcard_info                         0x0800b57d   Thumb Code   120  app_main.o(i.show_sdcard_info)
    version                                  0x0800b9f5   Thumb Code    10  cmd.o(i.version)
    AHBPrescTable                            0x0800b9fe   Data          16  system_stm32f4xx.o(.constdata)
    APBPrescTable                            0x0800ba0e   Data           8  system_stm32f4xx.o(.constdata)
    asc2_1206                                0x0800ba16   Data        1140  lcd.o(.constdata)
    asc2_1608                                0x0800be8a   Data        1520  lcd.o(.constdata)
    asc2_2412                                0x0800c47a   Data        3420  lcd.o(.constdata)
    asc2_3216                                0x0800d1d6   Data       12160  lcd.o(.constdata)
    __fsym_hello_name                        0x08010156   Data           6  cmd.o(.constdata)
    __fsym_version_name                      0x0801015c   Data           8  cmd.o(.constdata)
    __fsym___cmd_version_name                0x08010164   Data          14  cmd.o(.constdata)
    __fsym_list_thread_name                  0x08010172   Data          12  cmd.o(.constdata)
    __fsym___cmd_list_thread_name            0x0801017e   Data          18  cmd.o(.constdata)
    __fsym_list_sem_name                     0x08010190   Data           9  cmd.o(.constdata)
    __fsym___cmd_list_sem_name               0x08010199   Data          15  cmd.o(.constdata)
    __fsym_list_event_name                   0x080101a8   Data          11  cmd.o(.constdata)
    __fsym___cmd_list_event_name             0x080101b3   Data          17  cmd.o(.constdata)
    __fsym_list_mutex_name                   0x080101c4   Data          11  cmd.o(.constdata)
    __fsym___cmd_list_mutex_name             0x080101cf   Data          17  cmd.o(.constdata)
    __fsym_list_mailbox_name                 0x080101e0   Data          13  cmd.o(.constdata)
    __fsym___cmd_list_mailbox_name           0x080101ed   Data          19  cmd.o(.constdata)
    __fsym_list_msgqueue_name                0x08010200   Data          14  cmd.o(.constdata)
    __fsym___cmd_list_msgqueue_name          0x0801020e   Data          20  cmd.o(.constdata)
    __fsym_list_timer_name                   0x08010222   Data          11  cmd.o(.constdata)
    __fsym___cmd_list_timer_name             0x0801022d   Data          17  cmd.o(.constdata)
    __fsym_list_name                         0x0801023e   Data           5  cmd.o(.constdata)
    __fsym___cmd_help_name                   0x08010243   Data          11  msh.o(.constdata)
    __fsym___cmd_ps_name                     0x0801024e   Data           9  msh.o(.constdata)
    __fsym___cmd_free_name                   0x08010257   Data          11  msh.o(.constdata)
    __lowest_bit_bitmap                      0x080104db   Data         256  kservice.o(.constdata)
    __fsym_list_mem_name                     0x080105fd   Data           9  mem.o(.constdata)
    __rt_init_rti_start                      0x08010a9c   Data           4  components.o(.rti_fn.0)
    __rt_init_rti_board_start                0x08010aa0   Data           4  components.o(.rti_fn.0.end)
    __rt_init_rti_board_end                  0x08010aa4   Data           4  components.o(.rti_fn.1.end)
    __rt_init_finsh_system_init              0x08010aa8   Data           4  shell.o(.rti_fn.6)
    __rt_init_rti_end                        0x08010aac   Data           4  components.o(.rti_fn.6.end)
    FSymTab$$Base                            0x08010ab0   Number         0  cmd.o(FSymTab)
    __fsym_hello                             0x08010ab0   Data           8  cmd.o(FSymTab)
    __fsym_version                           0x08010ab8   Data           8  cmd.o(FSymTab)
    __fsym___cmd_version                     0x08010ac0   Data           8  cmd.o(FSymTab)
    __fsym_list_thread                       0x08010ac8   Data           8  cmd.o(FSymTab)
    __fsym___cmd_list_thread                 0x08010ad0   Data           8  cmd.o(FSymTab)
    __fsym_list_sem                          0x08010ad8   Data           8  cmd.o(FSymTab)
    __fsym___cmd_list_sem                    0x08010ae0   Data           8  cmd.o(FSymTab)
    __fsym_list_event                        0x08010ae8   Data           8  cmd.o(FSymTab)
    __fsym___cmd_list_event                  0x08010af0   Data           8  cmd.o(FSymTab)
    __fsym_list_mutex                        0x08010af8   Data           8  cmd.o(FSymTab)
    __fsym___cmd_list_mutex                  0x08010b00   Data           8  cmd.o(FSymTab)
    __fsym_list_mailbox                      0x08010b08   Data           8  cmd.o(FSymTab)
    __fsym___cmd_list_mailbox                0x08010b10   Data           8  cmd.o(FSymTab)
    __fsym_list_msgqueue                     0x08010b18   Data           8  cmd.o(FSymTab)
    __fsym___cmd_list_msgqueue               0x08010b20   Data           8  cmd.o(FSymTab)
    __fsym_list_timer                        0x08010b28   Data           8  cmd.o(FSymTab)
    __fsym___cmd_list_timer                  0x08010b30   Data           8  cmd.o(FSymTab)
    __fsym_list                              0x08010b38   Data           8  cmd.o(FSymTab)
    __fsym___cmd_help                        0x08010b40   Data           8  msh.o(FSymTab)
    __fsym___cmd_ps                          0x08010b48   Data           8  msh.o(FSymTab)
    __fsym___cmd_free                        0x08010b50   Data           8  msh.o(FSymTab)
    __fsym_list_mem                          0x08010b58   Data           8  mem.o(FSymTab)
    FSymTab$$Limit                           0x08010b60   Number         0  mem.o(FSymTab)
    Region$$Table$$Base                      0x08010b60   Number         0  anon$$obj.o(Region$$Table)
    Region$$Table$$Limit                     0x08010b80   Number         0  anon$$obj.o(Region$$Table)
    rt_KEY1                                  0x20000000   Data           1  app_main.o(.data)
    rt_KEY2                                  0x20000001   Data           1  app_main.o(.data)
    rt_KEY0                                  0x20000002   Data           1  app_main.o(.data)
    rt_KEYUP                                 0x20000003   Data           1  app_main.o(.data)
    semValue                                 0x20000004   Data           4  app_main.o(.data)
    timer1                                   0x2000000c   Data           4  app_main.o(.data)
    mailxsendValue                           0x20000010   Data           8  app_main.o(.data)
    uwTickFreq                               0x20000020   Data           1  stm32f4xx_hal.o(.data)
    uwTickPrio                               0x20000024   Data           4  stm32f4xx_hal.o(.data)
    uwTick                                   0x20000028   Data           4  stm32f4xx_hal.o(.data)
    SystemCoreClock                          0x2000002c   Data           4  system_stm32f4xx.o(.data)
    aRxBuffertemp                            0x20000034   Data           1  usart.o(.data)
    aRxBuffertemplen                         0x20000035   Data           1  usart.o(.data)
    aRxBuffer                                0x20000036   Data           1  usart.o(.data)
    USART_RX_STA                             0x20000038   Data           2  usart.o(.data)
    __stdout                                 0x20000044   Data           4  usart.o(.data)
    POINT_COLOR                              0x20000048   Data           4  lcd.o(.data)
    BACK_COLOR                               0x2000004c   Data           4  lcd.o(.data)
    W25QXX_TYPE                              0x20000050   Data           2  spi_flash.o(.data)
    _syscall_table_begin                     0x2000005c   Data           4  shell.o(.data)
    _syscall_table_end                       0x20000060   Data           4  shell.o(.data)
    _sysvar_table_begin                      0x20000064   Data           4  shell.o(.data)
    _sysvar_table_end                        0x20000068   Data           4  shell.o(.data)
    shell                                    0x20000070   Data           4  shell.o(.data)
    rt_interrupt_from_thread                 0x20000078   Data           4  cpuport.o(.data)
    rt_interrupt_to_thread                   0x2000007c   Data           4  cpuport.o(.data)
    rt_thread_switch_interrupt_flag          0x20000080   Data           4  cpuport.o(.data)
    rt_interrupt_nest                        0x20000088   Data           1  irq.o(.data)
    rt_assert_hook                           0x20000098   Data           4  kservice.o(.data)
    rt_object_trytake_hook                   0x200000c4   Data           4  object.o(.data)
    rt_object_take_hook                      0x200000c8   Data           4  object.o(.data)
    rt_object_put_hook                       0x200000cc   Data           4  object.o(.data)
    rt_current_priority                      0x20000140   Data           1  scheduler.o(.data)
    rt_current_thread                        0x20000144   Data           4  scheduler.o(.data)
    rt_thread_ready_priority_group           0x20000148   Data           4  scheduler.o(.data)
    rt_thread_defunct                        0x20000150   Data           8  scheduler.o(.data)
    fs                                       0x20000180   Data        1128  app_main.o(.bss)
    timer2                                   0x20000930   Data          52  app_main.o(.bss)
    static_event                             0x20000964   Data          40  app_main.o(.bss)
    mailx                                    0x2000098c   Data         128  app_main.o(.bss)
    static_mb                                0x20000a0c   Data          56  app_main.o(.bss)
    hrtc                                     0x20001280   Data          32  main.o(.bss)
    hsd                                      0x200012a0   Data         132  main.o(.bss)
    huart1                                   0x20001324   Data          64  main.o(.bss)
    hsram4                                   0x20001364   Data          80  main.o(.bss)
    USART_RX_BUF                             0x200013b4   Data         200  usart.o(.bss)
    lcddev                                   0x2000147c   Data          14  lcd.o(.bss)
    SPI1_Handler                             0x2000148c   Data          88  spi_flash.o(.bss)
    W25QXX_BUFFER                            0x200014e4   Data        4096  spi_flash.o(.bss)
    SDCARD_Handler                           0x200024e4   Data         132  sdio_sdcard.o(.bss)
    SDCardInfo                               0x20002568   Data          32  sdio_sdcard.o(.bss)
    rt_thread_priority_table                 0x20002a54   Data         256  scheduler.o(.bss)
    __initial_sp                             0x200040e8   Data           0  startup_stm32f407xx.o(STACK)



==============================================================================

Memory Map of the image

  Image Entry point : 0x08000189

  Load Region LR_IROM1 (Base: 0x08000000, Size: 0x00010d00, Max: 0x00100000, ABSOLUTE, COMPRESSED[0x00010bd8])

    Execution Region ER_IROM1 (Exec base: 0x08000000, Load base: 0x08000000, Size: 0x00010b80, Max: 0x00100000, ABSOLUTE)

    Exec Addr    Load Addr    Size         Type   Attr      Idx    E Section Name        Object

    0x08000000   0x08000000   0x00000188   Data   RO            3    RESET               startup_stm32f407xx.o
    0x08000188   0x08000188   0x00000000   Code   RO         5949  * .ARM.Collect$$$$00000000  mc_w.l(entry.o)
    0x08000188   0x08000188   0x00000004   Code   RO         6241    .ARM.Collect$$$$00000001  mc_w.l(entry2.o)
    0x0800018c   0x0800018c   0x00000004   Code   RO         6244    .ARM.Collect$$$$00000004  mc_w.l(entry5.o)
    0x08000190   0x08000190   0x00000000   Code   RO         6246    .ARM.Collect$$$$00000008  mc_w.l(entry7b.o)
    0x08000190   0x08000190   0x00000000   Code   RO         6248    .ARM.Collect$$$$0000000A  mc_w.l(entry8b.o)
    0x08000190   0x08000190   0x00000008   Code   RO         6249    .ARM.Collect$$$$0000000B  mc_w.l(entry9a.o)
    0x08000198   0x08000198   0x00000000   Code   RO         6251    .ARM.Collect$$$$0000000D  mc_w.l(entry10a.o)
    0x08000198   0x08000198   0x00000000   Code   RO         6253    .ARM.Collect$$$$0000000F  mc_w.l(entry11a.o)
    0x08000198   0x08000198   0x00000004   Code   RO         6242    .ARM.Collect$$$$00002712  mc_w.l(entry2.o)
    0x0800019c   0x0800019c   0x00000010   Code   RO         3974    .emb_text           sdio_sdcard.o
    0x080001ac   0x080001ac   0x00000024   Code   RO            4    .text               startup_stm32f407xx.o
    0x080001d0   0x080001d0   0x00000134   Code   RO         4675    .text               context_rvds.o
    0x08000304   0x08000304   0x00000062   Code   RO         5952    .text               mc_w.l(uldiv.o)
    0x08000366   0x08000366   0x00000024   Code   RO         5954    .text               mc_w.l(memcpya.o)
    0x0800038a   0x0800038a   0x00000024   Code   RO         5956    .text               mc_w.l(memseta.o)
    0x080003ae   0x080003ae   0x00000018   Code   RO         5958    .text               mc_w.l(strcat.o)
    0x080003c6   0x080003c6   0x00000018   Code   RO         5960    .text               mc_w.l(strncpy.o)
    0x080003de   0x080003de   0x0000000e   Code   RO         5964    .text               mc_w.l(strlen.o)
    0x080003ec   0x080003ec   0x0000001a   Code   RO         5966    .text               mc_w.l(memcmp.o)
    0x08000406   0x08000406   0x00000012   Code   RO         5968    .text               mc_w.l(strcpy.o)
    0x08000418   0x08000418   0x0000001e   Code   RO         5970    .text               mc_w.l(strncmp.o)
    0x08000436   0x08000436   0x000000e4   Code   RO         6235    .text               mf_w.l(dmul.o)
    0x0800051a   0x0800051a   0x0000001a   Code   RO         6237    .text               mf_w.l(dfltui.o)
    0x08000534   0x08000534   0x00000032   Code   RO         6239    .text               mf_w.l(dfixui.o)
    0x08000566   0x08000566   0x0000001e   Code   RO         6257    .text               mc_w.l(llshl.o)
    0x08000584   0x08000584   0x00000020   Code   RO         6259    .text               mc_w.l(llushr.o)
    0x080005a4   0x080005a4   0x00000000   Code   RO         6261    .text               mc_w.l(iusefp.o)
    0x080005a4   0x080005a4   0x000000ba   Code   RO         6262    .text               mf_w.l(depilogue.o)
    0x0800065e   0x0800065e   0x00000002   PAD
    0x08000660   0x08000660   0x00000024   Code   RO         6272    .text               mc_w.l(init.o)
    0x08000684   0x08000684   0x00000056   Code   RO         6284    .text               mc_w.l(__dczerorl2.o)
    0x080006da   0x080006da   0x0000000a   Code   RO         4780    i.$Sub$$main        components.o
    0x080006e4   0x080006e4   0x00000284   Code   RO           13    i.App_Main          app_main.o
    0x08000968   0x08000968   0x00000002   Code   RO          338    i.BusFault_Handler  stm32f4xx_it.o
    0x0800096a   0x0800096a   0x00000002   Code   RO          339    i.DebugMon_Handler  stm32f4xx_it.o
    0x0800096c   0x0800096c   0x00000040   Code   RO          816    i.FSMC_NORSRAM_Extended_Timing_Init  stm32f4xx_ll_fsmc.o
    0x080009ac   0x080009ac   0x00000054   Code   RO          817    i.FSMC_NORSRAM_Init  stm32f4xx_ll_fsmc.o
    0x08000a00   0x08000a00   0x00000044   Code   RO          818    i.FSMC_NORSRAM_Timing_Init  stm32f4xx_ll_fsmc.o
    0x08000a44   0x08000a44   0x00000024   Code   RO         2733    i.HAL_DMA_Abort_IT  stm32f4xx_hal_dma.o
    0x08000a68   0x08000a68   0x00000024   Code   RO         3151    i.HAL_Delay         stm32f4xx_hal.o
    0x08000a8c   0x08000a8c   0x000000a8   Code   RO          407    i.HAL_FSMC_MspInit  stm32f4xx_hal_msp.o
    0x08000b34   0x08000b34   0x000001b8   Code   RO         2625    i.HAL_GPIO_Init     stm32f4xx_hal_gpio.o
    0x08000cec   0x08000cec   0x0000000a   Code   RO         2627    i.HAL_GPIO_ReadPin  stm32f4xx_hal_gpio.o
    0x08000cf6   0x08000cf6   0x0000000e   Code   RO         2628    i.HAL_GPIO_TogglePin  stm32f4xx_hal_gpio.o
    0x08000d04   0x08000d04   0x0000000a   Code   RO         2629    i.HAL_GPIO_WritePin  stm32f4xx_hal_gpio.o
    0x08000d0e   0x08000d0e   0x00000002   PAD
    0x08000d10   0x08000d10   0x0000000c   Code   RO         3157    i.HAL_GetTick       stm32f4xx_hal.o
    0x08000d1c   0x08000d1c   0x00000010   Code   RO         3163    i.HAL_IncTick       stm32f4xx_hal.o
    0x08000d2c   0x08000d2c   0x00000034   Code   RO         3164    i.HAL_Init          stm32f4xx_hal.o
    0x08000d60   0x08000d60   0x00000040   Code   RO         3165    i.HAL_InitTick      stm32f4xx_hal.o
    0x08000da0   0x08000da0   0x00000030   Code   RO          408    i.HAL_MspInit       stm32f4xx_hal_msp.o
    0x08000dd0   0x08000dd0   0x0000001a   Code   RO         3014    i.HAL_NVIC_EnableIRQ  stm32f4xx_hal_cortex.o
    0x08000dea   0x08000dea   0x00000002   PAD
    0x08000dec   0x08000dec   0x00000040   Code   RO         3020    i.HAL_NVIC_SetPriority  stm32f4xx_hal_cortex.o
    0x08000e2c   0x08000e2c   0x00000024   Code   RO         3021    i.HAL_NVIC_SetPriorityGrouping  stm32f4xx_hal_cortex.o
    0x08000e50   0x08000e50   0x0000013c   Code   RO         2376    i.HAL_RCCEx_PeriphCLKConfig  stm32f4xx_hal_rcc_ex.o
    0x08000f8c   0x08000f8c   0x00000134   Code   RO         2271    i.HAL_RCC_ClockConfig  stm32f4xx_hal_rcc.o
    0x080010c0   0x080010c0   0x0000000c   Code   RO         2274    i.HAL_RCC_EnableCSS  stm32f4xx_hal_rcc.o
    0x080010cc   0x080010cc   0x00000020   Code   RO         2278    i.HAL_RCC_GetPCLK1Freq  stm32f4xx_hal_rcc.o
    0x080010ec   0x080010ec   0x00000020   Code   RO         2279    i.HAL_RCC_GetPCLK2Freq  stm32f4xx_hal_rcc.o
    0x0800110c   0x0800110c   0x00000060   Code   RO         2280    i.HAL_RCC_GetSysClockFreq  stm32f4xx_hal_rcc.o
    0x0800116c   0x0800116c   0x0000035c   Code   RO         2283    i.HAL_RCC_OscConfig  stm32f4xx_hal_rcc.o
    0x080014c8   0x080014c8   0x00000002   Code   RO         1191    i.HAL_RTCEx_AlarmBEventCallback  stm32f4xx_hal_rtc_ex.o
    0x080014ca   0x080014ca   0x0000000a   Code   RO         1192    i.HAL_RTCEx_BKUPRead  stm32f4xx_hal_rtc_ex.o
    0x080014d4   0x080014d4   0x0000000a   Code   RO         1193    i.HAL_RTCEx_BKUPWrite  stm32f4xx_hal_rtc_ex.o
    0x080014de   0x080014de   0x00000002   PAD
    0x080014e0   0x080014e0   0x00000010   Code   RO           14    i.HAL_RTC_AlarmAEventCallback  app_main.o
    0x080014f0   0x080014f0   0x0000005c   Code   RO         1055    i.HAL_RTC_AlarmIRQHandler  stm32f4xx_hal_rtc.o
    0x0800154c   0x0800154c   0x000000ac   Code   RO         1062    i.HAL_RTC_Init      stm32f4xx_hal_rtc.o
    0x080015f8   0x080015f8   0x00000030   Code   RO          410    i.HAL_RTC_MspInit   stm32f4xx_hal_msp.o
    0x08001628   0x08001628   0x00000178   Code   RO         1067    i.HAL_RTC_SetAlarm_IT  stm32f4xx_hal_rtc.o
    0x080017a0   0x080017a0   0x000000c8   Code   RO         1068    i.HAL_RTC_SetDate   stm32f4xx_hal_rtc.o
    0x08001868   0x08001868   0x000000ec   Code   RO         1069    i.HAL_RTC_SetTime   stm32f4xx_hal_rtc.o
    0x08001954   0x08001954   0x00000036   Code   RO         1070    i.HAL_RTC_WaitForSynchro  stm32f4xx_hal_rtc.o
    0x0800198a   0x0800198a   0x00000002   PAD
    0x0800198c   0x0800198c   0x000000f4   Code   RO         1686    i.HAL_SD_ConfigWideBusOperation  stm32f4xx_hal_sd.o
    0x08001a80   0x08001a80   0x00000050   Code   RO         1690    i.HAL_SD_GetCardCID  stm32f4xx_hal_sd.o
    0x08001ad0   0x08001ad0   0x00000198   Code   RO         1691    i.HAL_SD_GetCardCSD  stm32f4xx_hal_sd.o
    0x08001c68   0x08001c68   0x00000024   Code   RO         1692    i.HAL_SD_GetCardInfo  stm32f4xx_hal_sd.o
    0x08001c8c   0x08001c8c   0x0000002c   Code   RO         1693    i.HAL_SD_GetCardState  stm32f4xx_hal_sd.o
    0x08001cb8   0x08001cb8   0x00000036   Code   RO         1698    i.HAL_SD_Init       stm32f4xx_hal_sd.o
    0x08001cee   0x08001cee   0x00000002   PAD
    0x08001cf0   0x08001cf0   0x00000054   Code   RO         1699    i.HAL_SD_InitCard   stm32f4xx_hal_sd.o
    0x08001d44   0x08001d44   0x00000094   Code   RO          412    i.HAL_SD_MspInit    stm32f4xx_hal_msp.o
    0x08001dd8   0x08001dd8   0x000001f8   Code   RO         1702    i.HAL_SD_ReadBlocks  stm32f4xx_hal_sd.o
    0x08001fd0   0x08001fd0   0x000001cc   Code   RO         1707    i.HAL_SD_WriteBlocks  stm32f4xx_hal_sd.o
    0x0800219c   0x0800219c   0x00000080   Code   RO          497    i.HAL_SPI_Init      stm32f4xx_hal_spi.o
    0x0800221c   0x0800221c   0x00000054   Code   RO         3834    i.HAL_SPI_MspInit   spi_flash.o
    0x08002270   0x08002270   0x000001e2   Code   RO          506    i.HAL_SPI_TransmitReceive  stm32f4xx_hal_spi.o
    0x08002452   0x08002452   0x00000056   Code   RO          938    i.HAL_SRAM_Init     stm32f4xx_hal_sram.o
    0x080024a8   0x080024a8   0x00000004   Code   RO          414    i.HAL_SRAM_MspInit  stm32f4xx_hal_msp.o
    0x080024ac   0x080024ac   0x00000028   Code   RO         3025    i.HAL_SYSTICK_Config  stm32f4xx_hal_cortex.o
    0x080024d4   0x080024d4   0x00000002   Code   RO         1965    i.HAL_UART_ErrorCallback  stm32f4xx_hal_uart.o
    0x080024d6   0x080024d6   0x0000000a   Code   RO         1967    i.HAL_UART_GetState  stm32f4xx_hal_uart.o
    0x080024e0   0x080024e0   0x00000114   Code   RO         1968    i.HAL_UART_IRQHandler  stm32f4xx_hal_uart.o
    0x080025f4   0x080025f4   0x00000062   Code   RO         1969    i.HAL_UART_Init     stm32f4xx_hal_uart.o
    0x08002656   0x08002656   0x00000002   PAD
    0x08002658   0x08002658   0x0000007c   Code   RO          416    i.HAL_UART_MspInit  stm32f4xx_hal_msp.o
    0x080026d4   0x080026d4   0x00000052   Code   RO         1974    i.HAL_UART_Receive_IT  stm32f4xx_hal_uart.o
    0x08002726   0x08002726   0x00000002   PAD
    0x08002728   0x08002728   0x00000060   Code   RO         3478    i.HAL_UART_RxCpltCallback  usart.o
    0x08002788   0x08002788   0x00000002   Code   RO         1980    i.HAL_UART_TxCpltCallback  stm32f4xx_hal_uart.o
    0x0800278a   0x0800278a   0x00000002   PAD
    0x0800278c   0x0800278c   0x00000034   Code   RO         3626    i.LCD_Clear         lcd.o
    0x080027c0   0x080027c0   0x000000b8   Code   RO         3630    i.LCD_Display_Dir   lcd.o
    0x08002878   0x08002878   0x000000d0   Code   RO         3635    i.LCD_Fast_DrawPoint  lcd.o
    0x08002948   0x08002948   0x00002534   Code   RO         3637    i.LCD_Init          lcd.o
    0x08004e7c   0x08004e7c   0x00000010   Code   RO         3638    i.LCD_Pow           lcd.o
    0x08004e8c   0x08004e8c   0x00000014   Code   RO         3639    i.LCD_RD_DATA       lcd.o
    0x08004ea0   0x08004ea0   0x00000050   Code   RO         3642    i.LCD_SSD_BackLightSet  lcd.o
    0x08004ef0   0x08004ef0   0x00000180   Code   RO         3643    i.LCD_Scan_Dir      lcd.o
    0x08005070   0x08005070   0x000000f4   Code   RO         3644    i.LCD_SetCursor     lcd.o
    0x08005164   0x08005164   0x000000e4   Code   RO         3646    i.LCD_ShowChar      lcd.o
    0x08005248   0x08005248   0x00000076   Code   RO         3647    i.LCD_ShowNum       lcd.o
    0x080052be   0x080052be   0x00000054   Code   RO         3648    i.LCD_ShowString    lcd.o
    0x08005312   0x08005312   0x00000018   Code   RO         3650    i.LCD_WR_DATA       lcd.o
    0x0800532a   0x0800532a   0x00000018   Code   RO         3651    i.LCD_WR_REG        lcd.o
    0x08005342   0x08005342   0x00000002   PAD
    0x08005344   0x08005344   0x00000014   Code   RO         3653    i.LCD_WriteRAM_Prepare  lcd.o
    0x08005358   0x08005358   0x0000000c   Code   RO         3654    i.LCD_WriteReg      lcd.o
    0x08005364   0x08005364   0x00000068   Code   RO          266    i.MX_FSMC_Init      main.o
    0x080053cc   0x080053cc   0x00000130   Code   RO          267    i.MX_GPIO_Init      main.o
    0x080054fc   0x080054fc   0x00000104   Code   RO          268    i.MX_RTC_Init       main.o
    0x08005600   0x08005600   0x00000060   Code   RO          269    i.MX_SDIO_SD_Init   main.o
    0x08005660   0x08005660   0x0000003c   Code   RO          270    i.MX_USART1_UART_Init  main.o
    0x0800569c   0x0800569c   0x00000002   Code   RO          340    i.MemManage_Handler  stm32f4xx_it.o
    0x0800569e   0x0800569e   0x00000002   Code   RO          341    i.NMI_Handler       stm32f4xx_it.o
    0x080056a0   0x080056a0   0x0000000c   Code   RO          342    i.RTC_Alarm_IRQHandler  stm32f4xx_it.o
    0x080056ac   0x080056ac   0x00000016   Code   RO         1072    i.RTC_ByteToBcd2    stm32f4xx_hal_rtc.o
    0x080056c2   0x080056c2   0x00000002   PAD
    0x080056c4   0x080056c4   0x0000003a   Code   RO         1073    i.RTC_EnterInitMode  stm32f4xx_hal_rtc.o
    0x080056fe   0x080056fe   0x00000024   Code   RO         1419    i.SDIO_ConfigData   stm32f4xx_ll_sdmmc.o
    0x08005722   0x08005722   0x00000008   Code   RO         1423    i.SDIO_GetPowerState  stm32f4xx_ll_sdmmc.o
    0x0800572a   0x0800572a   0x00000006   Code   RO         1424    i.SDIO_GetResponse  stm32f4xx_ll_sdmmc.o
    0x08005730   0x08005730   0x00000024   Code   RO         1425    i.SDIO_Init         stm32f4xx_ll_sdmmc.o
    0x08005754   0x08005754   0x00000010   Code   RO         1427    i.SDIO_PowerState_ON  stm32f4xx_ll_sdmmc.o
    0x08005764   0x08005764   0x00000006   Code   RO         1428    i.SDIO_ReadFIFO     stm32f4xx_ll_sdmmc.o
    0x0800576a   0x0800576a   0x00000020   Code   RO         1429    i.SDIO_SendCommand  stm32f4xx_ll_sdmmc.o
    0x0800578a   0x0800578a   0x0000000a   Code   RO         1431    i.SDIO_WriteFIFO    stm32f4xx_ll_sdmmc.o
    0x08005794   0x08005794   0x00000032   Code   RO         1432    i.SDMMC_CmdAppCommand  stm32f4xx_ll_sdmmc.o
    0x080057c6   0x080057c6   0x00000002   PAD
    0x080057c8   0x080057c8   0x00000034   Code   RO         1433    i.SDMMC_CmdAppOperCommand  stm32f4xx_ll_sdmmc.o
    0x080057fc   0x080057fc   0x00000032   Code   RO         1434    i.SDMMC_CmdBlockLength  stm32f4xx_ll_sdmmc.o
    0x0800582e   0x0800582e   0x00000032   Code   RO         1435    i.SDMMC_CmdBusWidth  stm32f4xx_ll_sdmmc.o
    0x08005860   0x08005860   0x00000050   Code   RO         1439    i.SDMMC_CmdGoIdleState  stm32f4xx_ll_sdmmc.o
    0x080058b0   0x080058b0   0x00000074   Code   RO         1441    i.SDMMC_CmdOperCond  stm32f4xx_ll_sdmmc.o
    0x08005924   0x08005924   0x00000032   Code   RO         1442    i.SDMMC_CmdReadMultiBlock  stm32f4xx_ll_sdmmc.o
    0x08005956   0x08005956   0x00000032   Code   RO         1443    i.SDMMC_CmdReadSingleBlock  stm32f4xx_ll_sdmmc.o
    0x08005988   0x08005988   0x00000032   Code   RO         1446    i.SDMMC_CmdSelDesel  stm32f4xx_ll_sdmmc.o
    0x080059ba   0x080059ba   0x0000002c   Code   RO         1447    i.SDMMC_CmdSendCID  stm32f4xx_ll_sdmmc.o
    0x080059e6   0x080059e6   0x0000002c   Code   RO         1448    i.SDMMC_CmdSendCSD  stm32f4xx_ll_sdmmc.o
    0x08005a12   0x08005a12   0x00000030   Code   RO         1449    i.SDMMC_CmdSendSCR  stm32f4xx_ll_sdmmc.o
    0x08005a42   0x08005a42   0x00000032   Code   RO         1450    i.SDMMC_CmdSendStatus  stm32f4xx_ll_sdmmc.o
    0x08005a74   0x08005a74   0x00000030   Code   RO         1451    i.SDMMC_CmdSetRelAdd  stm32f4xx_ll_sdmmc.o
    0x08005aa4   0x08005aa4   0x00000034   Code   RO         1453    i.SDMMC_CmdStopTransfer  stm32f4xx_ll_sdmmc.o
    0x08005ad8   0x08005ad8   0x00000032   Code   RO         1455    i.SDMMC_CmdWriteMultiBlock  stm32f4xx_ll_sdmmc.o
    0x08005b0a   0x08005b0a   0x00000032   Code   RO         1456    i.SDMMC_CmdWriteSingleBlock  stm32f4xx_ll_sdmmc.o
    0x08005b3c   0x08005b3c   0x00000120   Code   RO         1457    i.SDMMC_GetCmdResp1  stm32f4xx_ll_sdmmc.o
    0x08005c5c   0x08005c5c   0x00000050   Code   RO         1458    i.SDMMC_GetCmdResp2  stm32f4xx_ll_sdmmc.o
    0x08005cac   0x08005cac   0x00000044   Code   RO         1459    i.SDMMC_GetCmdResp3  stm32f4xx_ll_sdmmc.o
    0x08005cf0   0x08005cf0   0x00000088   Code   RO         1460    i.SDMMC_GetCmdResp6  stm32f4xx_ll_sdmmc.o
    0x08005d78   0x08005d78   0x000000d4   Code   RO         1715    i.SD_FindSCR        stm32f4xx_hal_sd.o
    0x08005e4c   0x08005e4c   0x0000000c   Code   RO         3975    i.SD_GetCardInfo    sdio_sdcard.o
    0x08005e58   0x08005e58   0x00000018   Code   RO         3976    i.SD_GetCardState   sdio_sdcard.o
    0x08005e70   0x08005e70   0x00000044   Code   RO         3977    i.SD_Init           sdio_sdcard.o
    0x08005eb4   0x08005eb4   0x000000ee   Code   RO         1716    i.SD_InitCard       stm32f4xx_hal_sd.o
    0x08005fa2   0x08005fa2   0x00000002   PAD
    0x08005fa4   0x08005fa4   0x000000b4   Code   RO         1717    i.SD_PowerON        stm32f4xx_hal_sd.o
    0x08006058   0x08006058   0x00000040   Code   RO         3978    i.SD_ReadDisk       sdio_sdcard.o
    0x08006098   0x08006098   0x00000040   Code   RO         3979    i.SD_WriteDisk      sdio_sdcard.o
    0x080060d8   0x080060d8   0x00000050   Code   RO         3835    i.SPI1_Init         spi_flash.o
    0x08006128   0x08006128   0x00000020   Code   RO         3836    i.SPI1_ReadWriteByte  spi_flash.o
    0x08006148   0x08006148   0x00000034   Code   RO         3837    i.SPI1_SetSpeed     spi_flash.o
    0x0800617c   0x0800617c   0x00000058   Code   RO          535    i.SPI_EndRxTxTransaction  stm32f4xx_hal_spi.o
    0x080061d4   0x080061d4   0x00000094   Code   RO          540    i.SPI_WaitFlagStateUntilTimeout  stm32f4xx_hal_spi.o
    0x08006268   0x08006268   0x00000002   Code   RO          343    i.SVC_Handler       stm32f4xx_it.o
    0x0800626a   0x0800626a   0x00000016   Code   RO         5908    i.SysTick_Handler   board.o
    0x08006280   0x08006280   0x000000a4   Code   RO          271    i.SystemClock_Config  main.o
    0x08006324   0x08006324   0x0000001c   Code   RO         3403    i.SystemInit        system_stm32f4xx.o
    0x08006340   0x08006340   0x00000010   Code   RO         1982    i.UART_DMAAbortOnError  stm32f4xx_hal_uart.o
    0x08006350   0x08006350   0x0000001c   Code   RO         1992    i.UART_EndRxTransfer  stm32f4xx_hal_uart.o
    0x0800636c   0x0800636c   0x00000096   Code   RO         1994    i.UART_Receive_IT   stm32f4xx_hal_uart.o
    0x08006402   0x08006402   0x00000002   PAD
    0x08006404   0x08006404   0x00000128   Code   RO         1995    i.UART_SetConfig    stm32f4xx_hal_uart.o
    0x0800652c   0x0800652c   0x00000062   Code   RO         1996    i.UART_Transmit_IT  stm32f4xx_hal_uart.o
    0x0800658e   0x0800658e   0x00000002   PAD
    0x08006590   0x08006590   0x0000002c   Code   RO          344    i.USART1_IRQHandler  stm32f4xx_it.o
    0x080065bc   0x080065bc   0x00000002   Code   RO          345    i.UsageFault_Handler  stm32f4xx_it.o
    0x080065be   0x080065be   0x00000002   PAD
    0x080065c0   0x080065c0   0x00000088   Code   RO         3840    i.W25QXX_Init       spi_flash.o
    0x08006648   0x08006648   0x00000050   Code   RO         3843    i.W25QXX_ReadID     spi_flash.o
    0x08006698   0x08006698   0x00000048   Code   RO         3844    i.W25QXX_ReadSR     spi_flash.o
    0x080066e0   0x080066e0   0x00000020   Code   RO         6181    i.__0printf$8       mc_w.l(printf8.o)
    0x08006700   0x08006700   0x00000028   Code   RO         6183    i.__0sprintf$8      mc_w.l(printf8.o)
    0x08006728   0x08006728   0x00000020   Code   RO         3027    i.__NVIC_SetPriority  stm32f4xx_hal_cortex.o
    0x08006748   0x08006748   0x00000044   Code   RO         5201    i.__rt_ffs          kservice.o
    0x0800678c   0x0800678c   0x0000000e   Code   RO         6278    i.__scatterload_copy  mc_w.l(handlers.o)
    0x0800679a   0x0800679a   0x00000002   Code   RO         6279    i.__scatterload_null  mc_w.l(handlers.o)
    0x0800679c   0x0800679c   0x0000000e   Code   RO         6280    i.__scatterload_zeroinit  mc_w.l(handlers.o)
    0x080067aa   0x080067aa   0x00000002   PAD
    0x080067ac   0x080067ac   0x00000014   Code   RO         4849    i._has_defunct_thread  idle.o
    0x080067c0   0x080067c0   0x000000cc   Code   RO         4531    i._msh_exec_cmd     msh.o
    0x0800688c   0x0800688c   0x00000410   Code   RO         6188    i._printf_core      mc_w.l(printf8.o)
    0x08006c9c   0x08006c9c   0x00000024   Code   RO         6189    i._printf_post_padding  mc_w.l(printf8.o)
    0x08006cc0   0x08006cc0   0x0000002e   Code   RO         6190    i._printf_pre_padding  mc_w.l(printf8.o)
    0x08006cee   0x08006cee   0x00000002   PAD
    0x08006cf0   0x08006cf0   0x000000c0   Code   RO         5639    i._rt_thread_init   thread.o
    0x08006db0   0x08006db0   0x0000001c   Code   RO         5782    i._rt_timer_init    timer.o
    0x08006dcc   0x08006dcc   0x00000012   Code   RO         5783    i._rt_timer_remove  timer.o
    0x08006dde   0x08006dde   0x0000000a   Code   RO         6192    i._sputc            mc_w.l(printf8.o)
    0x08006de8   0x08006de8   0x000000e8   Code   RO         4679    i.bus_fault_track   cpuport.o
    0x08006ed0   0x08006ed0   0x000000d0   Code   RO         4086    i.check_fs          ff.o
    0x08006fa0   0x08006fa0   0x0000000a   Code   RO         4532    i.cmd_free          msh.o
    0x08006faa   0x08006faa   0x0000000a   Code   RO         4533    i.cmd_ps            msh.o
    0x08006fb4   0x08006fb4   0x0000000c   Code   RO         3440    i.delay_init        delay.o
    0x08006fc0   0x08006fc0   0x0000001a   Code   RO         3441    i.delay_ms          delay.o
    0x08006fda   0x08006fda   0x00000002   PAD
    0x08006fdc   0x08006fdc   0x00000034   Code   RO         3442    i.delay_us          delay.o
    0x08007010   0x08007010   0x00000018   Code   RO         4035    i.disk_initialize   diskio.o
    0x08007028   0x08007028   0x00000024   Code   RO         4037    i.disk_read         diskio.o
    0x0800704c   0x0800704c   0x00000018   Code   RO         4038    i.disk_status       diskio.o
    0x08007064   0x08007064   0x00000024   Code   RO         4039    i.disk_write        diskio.o
    0x08007088   0x08007088   0x00000048   Code   RO         4104    i.f_mount           ff.o
    0x080070d0   0x080070d0   0x00000060   Code   RO         4597    i.finsh_get_prompt  shell.o
    0x08007130   0x08007130   0x00000040   Code   RO         4601    i.finsh_set_prompt_mode  shell.o
    0x08007170   0x08007170   0x0000000c   Code   RO         4602    i.finsh_system_function_init  shell.o
    0x0800717c   0x0800717c   0x00000094   Code   RO         4603    i.finsh_system_init  shell.o
    0x08007210   0x08007210   0x0000028c   Code   RO         4605    i.finsh_thread_entry  shell.o
    0x0800749c   0x0800749c   0x00000014   Code   RO         3480    i.fputc             usart.o
    0x080074b0   0x080074b0   0x00000038   Code   RO         4119    i.get_ldnumber      ff.o
    0x080074e8   0x080074e8   0x00000078   Code   RO         4680    i.hard_fault_track  cpuport.o
    0x08007560   0x08007560   0x00000020   Code   RO         4395    i.hello             cmd.o
    0x08007580   0x08007580   0x00000016   Code   RO         4121    i.ld_dword          ff.o
    0x08007596   0x08007596   0x0000000a   Code   RO         4122    i.ld_word           ff.o
    0x080075a0   0x080075a0   0x00000054   Code   RO         4396    i.list              cmd.o
    0x080075f4   0x080075f4   0x00000130   Code   RO         4397    i.list_event        cmd.o
    0x08007724   0x08007724   0x00000024   Code   RO         4398    i.list_find_init    cmd.o
    0x08007748   0x08007748   0x00000066   Code   RO         4399    i.list_get_next     cmd.o
    0x080077ae   0x080077ae   0x00000002   PAD
    0x080077b0   0x080077b0   0x00000144   Code   RO         4400    i.list_mailbox      cmd.o
    0x080078f4   0x080078f4   0x0000006c   Code   RO         5390    i.list_mem          mem.o
    0x08007960   0x08007960   0x00000128   Code   RO         4401    i.list_msgqueue     cmd.o
    0x08007a88   0x08007a88   0x000000f8   Code   RO         4402    i.list_mutex        cmd.o
    0x08007b80   0x08007b80   0x0000011c   Code   RO         4403    i.list_sem          cmd.o
    0x08007c9c   0x08007c9c   0x000001b8   Code   RO         4404    i.list_thread       cmd.o
    0x08007e54   0x08007e54   0x00000140   Code   RO         4405    i.list_timer        cmd.o
    0x08007f94   0x08007f94   0x00000024   Code   RO          272    i.main              main.o
    0x08007fb8   0x08007fb8   0x0000000e   Code   RO         4781    i.main_thread_entry  components.o
    0x08007fc6   0x08007fc6   0x00000002   PAD
    0x08007fc8   0x08007fc8   0x000000d8   Code   RO         4681    i.mem_manage_fault_track  cpuport.o
    0x080080a0   0x080080a0   0x00000254   Code   RO         4123    i.mount_volume      ff.o
    0x080082f4   0x080082f4   0x00000032   Code   RO         4124    i.move_window       ff.o
    0x08008326   0x08008326   0x00000002   PAD
    0x08008328   0x08008328   0x000000ac   Code   RO         4534    i.msh_auto_complete  msh.o
    0x080083d4   0x080083d4   0x00000064   Code   RO         4535    i.msh_exec          msh.o
    0x08008438   0x08008438   0x0000006c   Code   RO         4536    i.msh_help          msh.o
    0x080084a4   0x080084a4   0x00000004   Code   RO         4537    i.msh_is_used       msh.o
    0x080084a8   0x080084a8   0x000000d0   Code   RO         4538    i.msh_split         msh.o
    0x08008578   0x08008578   0x00000018   Code   RO         4406    i.object_split      cmd.o
    0x08008590   0x08008590   0x000000e8   Code   RO         5391    i.plug_holes        mem.o
    0x08008678   0x08008678   0x00000130   Code   RO         5203    i.print_number      kservice.o
    0x080087a8   0x080087a8   0x00000050   Code   RO         4782    i.rt_application_init  components.o
    0x080087f8   0x080087f8   0x0000006c   Code   RO         5204    i.rt_assert_handler  kservice.o
    0x08008864   0x08008864   0x0000001a   Code   RO         5392    i.rt_calloc         mem.o
    0x0800887e   0x0800887e   0x00000002   PAD
    0x08008880   0x08008880   0x0000001c   Code   RO         4783    i.rt_components_board_init  components.o
    0x0800889c   0x0800889c   0x0000001c   Code   RO         4784    i.rt_components_init  components.o
    0x080088b8   0x080088b8   0x0000001c   Code   RO         5571    i.rt_enter_critical  scheduler.o
    0x080088d4   0x080088d4   0x00000048   Code   RO         4906    i.rt_event_init     ipc.o
    0x0800891c   0x0800891c   0x000001dc   Code   RO         4907    i.rt_event_recv     ipc.o
    0x08008af8   0x08008af8   0x000000d8   Code   RO         4908    i.rt_event_send     ipc.o
    0x08008bd0   0x08008bd0   0x00000038   Code   RO         5572    i.rt_exit_critical  scheduler.o
    0x08008c08   0x08008c08   0x000001cc   Code   RO         5393    i.rt_free           mem.o
    0x08008dd4   0x08008dd4   0x00000008   Code   RO         5909    i.rt_heap_begin_get  board.o
    0x08008ddc   0x08008ddc   0x00000008   Code   RO         5910    i.rt_heap_end_get   board.o
    0x08008de4   0x08008de4   0x00000054   Code   RO         5911    i.rt_hw_board_init  board.o
    0x08008e38   0x08008e38   0x0000004c   Code   RO         3481    i.rt_hw_console_getchar  usart.o
    0x08008e84   0x08008e84   0x00000034   Code   RO         3482    i.rt_hw_console_output  usart.o
    0x08008eb8   0x08008eb8   0x00000218   Code   RO         4685    i.rt_hw_hard_fault_exception  cpuport.o
    0x080090d0   0x080090d0   0x0000003c   Code   RO         4686    i.rt_hw_stack_init  cpuport.o
    0x0800910c   0x0800910c   0x00000024   Code   RO         5162    i.rt_interrupt_enter  irq.o
    0x08009130   0x08009130   0x0000000c   Code   RO         5164    i.rt_interrupt_get_nest  irq.o
    0x0800913c   0x0800913c   0x00000024   Code   RO         5165    i.rt_interrupt_leave  irq.o
    0x08009160   0x08009160   0x0000000e   Code   RO         4909    i.rt_ipc_list_resume  ipc.o
    0x0800916e   0x0800916e   0x00000002   PAD
    0x08009170   0x08009170   0x00000052   Code   RO         4911    i.rt_ipc_list_suspend  ipc.o
    0x080091c2   0x080091c2   0x00000002   PAD
    0x080091c4   0x080091c4   0x00000020   Code   RO         5209    i.rt_kprintf        kservice.o
    0x080091e4   0x080091e4   0x0000000e   Code   RO         5463    i.rt_list_insert_after  object.o
    0x080091f2   0x080091f2   0x0000000e   Code   RO         5640    i.rt_list_insert_after  thread.o
    0x08009200   0x08009200   0x0000000e   Code   RO         5784    i.rt_list_insert_after  timer.o
    0x0800920e   0x0800920e   0x0000000e   Code   RO         4912    i.rt_list_insert_before  ipc.o
    0x0800921c   0x0800921c   0x00000012   Code   RO         4407    i.rt_list_len       cmd.o
    0x0800922e   0x0800922e   0x00000012   Code   RO         5464    i.rt_list_remove    object.o
    0x08009240   0x08009240   0x00000012   Code   RO         5641    i.rt_list_remove    thread.o
    0x08009252   0x08009252   0x00000002   PAD
    0x08009254   0x08009254   0x000001fc   Code   RO         5395    i.rt_malloc         mem.o
    0x08009450   0x08009450   0x0000005c   Code   RO         4917    i.rt_mb_init        ipc.o
    0x080094ac   0x080094ac   0x0000020c   Code   RO         4918    i.rt_mb_recv        ipc.o
    0x080096b8   0x080096b8   0x00000006   Code   RO         4919    i.rt_mb_send        ipc.o
    0x080096be   0x080096be   0x00000002   PAD
    0x080096c0   0x080096c0   0x000001e4   Code   RO         4920    i.rt_mb_send_wait   ipc.o
    0x080098a4   0x080098a4   0x0000004a   Code   RO         5213    i.rt_memcpy         kservice.o
    0x080098ee   0x080098ee   0x00000002   PAD
    0x080098f0   0x080098f0   0x00000032   Code   RO         5214    i.rt_memmove        kservice.o
    0x08009922   0x08009922   0x00000002   PAD
    0x08009924   0x08009924   0x00000046   Code   RO         5215    i.rt_memset         kservice.o
    0x0800996a   0x0800996a   0x00000002   PAD
    0x0800996c   0x0800996c   0x00000088   Code   RO         4925    i.rt_mq_init        ipc.o
    0x080099f4   0x080099f4   0x0000023c   Code   RO         4926    i.rt_mq_recv        ipc.o
    0x08009c30   0x08009c30   0x00000108   Code   RO         4927    i.rt_mq_send        ipc.o
    0x08009d38   0x08009d38   0x000000dc   Code   RO         5465    i.rt_object_allocate  object.o
    0x08009e14   0x08009e14   0x00000098   Code   RO         5467    i.rt_object_delete  object.o
    0x08009eac   0x08009eac   0x00000054   Code   RO         5468    i.rt_object_detach  object.o
    0x08009f00   0x08009f00   0x00000024   Code   RO         5471    i.rt_object_get_information  object.o
    0x08009f24   0x08009f24   0x00000034   Code   RO         5472    i.rt_object_get_type  object.o
    0x08009f58   0x08009f58   0x000000ac   Code   RO         5473    i.rt_object_init    object.o
    0x0800a004   0x0800a004   0x00000038   Code   RO         5474    i.rt_object_is_systemobject  object.o
    0x0800a03c   0x0800a03c   0x00000064   Code   RO         5573    i.rt_schedule       scheduler.o
    0x0800a0a0   0x0800a0a0   0x00000074   Code   RO         5574    i.rt_schedule_insert_thread  scheduler.o
    0x0800a114   0x0800a114   0x00000070   Code   RO         5575    i.rt_schedule_remove_thread  scheduler.o
    0x0800a184   0x0800a184   0x0000006c   Code   RO         4940    i.rt_sem_init       ipc.o
    0x0800a1f0   0x0800a1f0   0x00000080   Code   RO         4941    i.rt_sem_release    ipc.o
    0x0800a270   0x0800a270   0x0000017c   Code   RO         4942    i.rt_sem_take       ipc.o
    0x0800a3ec   0x0800a3ec   0x000000b0   Code   RO         5217    i.rt_show_version   kservice.o
    0x0800a49c   0x0800a49c   0x00000084   Code   RO         5785    i.rt_soft_timer_check  timer.o
    0x0800a520   0x0800a520   0x00000010   Code   RO         5223    i.rt_strlen         kservice.o
    0x0800a530   0x0800a530   0x00000026   Code   RO         5225    i.rt_strncpy        kservice.o
    0x0800a556   0x0800a556   0x00000002   PAD
    0x0800a558   0x0800a558   0x00000108   Code   RO         5399    i.rt_system_heap_init  mem.o
    0x0800a660   0x0800a660   0x00000034   Code   RO         5577    i.rt_system_scheduler_init  scheduler.o
    0x0800a694   0x0800a694   0x00000028   Code   RO         5578    i.rt_system_scheduler_start  scheduler.o
    0x0800a6bc   0x0800a6bc   0x0000000c   Code   RO         5786    i.rt_system_timer_init  timer.o
    0x0800a6c8   0x0800a6c8   0x00000044   Code   RO         5787    i.rt_system_timer_thread_init  timer.o
    0x0800a70c   0x0800a70c   0x00000048   Code   RO         5643    i.rt_thread_create  thread.o
    0x0800a754   0x0800a754   0x00000004   Code   RO         5644    i.rt_thread_delay   thread.o
    0x0800a758   0x0800a758   0x00000058   Code   RO         5647    i.rt_thread_exit    thread.o
    0x0800a7b0   0x0800a7b0   0x0000001c   Code   RO         4851    i.rt_thread_idle_entry  idle.o
    0x0800a7cc   0x0800a7cc   0x000000cc   Code   RO         4852    i.rt_thread_idle_excute  idle.o
    0x0800a898   0x0800a898   0x00000038   Code   RO         4854    i.rt_thread_idle_init  idle.o
    0x0800a8d0   0x0800a8d0   0x00000038   Code   RO         4855    i.rt_thread_idle_sethook  idle.o
    0x0800a908   0x0800a908   0x00000024   Code   RO           15    i.rt_thread_idle_test1  app_main.o
    0x0800a92c   0x0800a92c   0x00000080   Code   RO         5649    i.rt_thread_init    thread.o
    0x0800a9ac   0x0800a9ac   0x0000000e   Code   RO         5651    i.rt_thread_mdelay  thread.o
    0x0800a9ba   0x0800a9ba   0x00000002   PAD
    0x0800a9bc   0x0800a9bc   0x0000008c   Code   RO         5652    i.rt_thread_resume  thread.o
    0x0800aa48   0x0800aa48   0x0000000c   Code   RO         5654    i.rt_thread_self    thread.o
    0x0800aa54   0x0800aa54   0x00000080   Code   RO         5655    i.rt_thread_sleep   thread.o
    0x0800aad4   0x0800aad4   0x000000bc   Code   RO         5656    i.rt_thread_startup  thread.o
    0x0800ab90   0x0800ab90   0x00000090   Code   RO         5657    i.rt_thread_suspend  thread.o
    0x0800ac20   0x0800ac20   0x000000b4   Code   RO         5659    i.rt_thread_timeout  thread.o
    0x0800acd4   0x0800acd4   0x00000020   Code   RO           16    i.rt_thread_timer1  app_main.o
    0x0800acf4   0x0800acf4   0x00000010   Code   RO           17    i.rt_thread_timer2  app_main.o
    0x0800ad04   0x0800ad04   0x00000038   Code   RO         5788    i.rt_thread_timer_entry  timer.o
    0x0800ad3c   0x0800ad3c   0x00000060   Code   RO         5660    i.rt_thread_yield   thread.o
    0x0800ad9c   0x0800ad9c   0x00000032   Code   RO         4743    i.rt_tick_from_millisecond  clock.o
    0x0800adce   0x0800adce   0x00000002   PAD
    0x0800add0   0x0800add0   0x0000000c   Code   RO         4744    i.rt_tick_get       clock.o
    0x0800addc   0x0800addc   0x0000002c   Code   RO         4745    i.rt_tick_increase  clock.o
    0x0800ae08   0x0800ae08   0x0000007c   Code   RO         5789    i.rt_timer_check    timer.o
    0x0800ae84   0x0800ae84   0x000000b0   Code   RO         5790    i.rt_timer_control  timer.o
    0x0800af34   0x0800af34   0x0000002e   Code   RO         5791    i.rt_timer_create   timer.o
    0x0800af62   0x0800af62   0x00000002   PAD
    0x0800af64   0x0800af64   0x000000d4   Code   RO         5793    i.rt_timer_detach   timer.o
    0x0800b038   0x0800b038   0x00000050   Code   RO         5796    i.rt_timer_init     timer.o
    0x0800b088   0x0800b088   0x00000010   Code   RO         5797    i.rt_timer_list_next_timeout  timer.o
    0x0800b098   0x0800b098   0x00000178   Code   RO         5799    i.rt_timer_start    timer.o
    0x0800b210   0x0800b210   0x000000b4   Code   RO         5800    i.rt_timer_stop     timer.o
    0x0800b2c4   0x0800b2c4   0x0000027c   Code   RO         5228    i.rt_vsnprintf      kservice.o
    0x0800b540   0x0800b540   0x00000004   Code   RO         4785    i.rti_board_end     components.o
    0x0800b544   0x0800b544   0x00000004   Code   RO         4786    i.rti_board_start   components.o
    0x0800b548   0x0800b548   0x00000004   Code   RO         4787    i.rti_end           components.o
    0x0800b54c   0x0800b54c   0x00000004   Code   RO         4788    i.rti_start         components.o
    0x0800b550   0x0800b550   0x0000002a   Code   RO         4789    i.rtthread_startup  components.o
    0x0800b57a   0x0800b57a   0x00000002   PAD
    0x0800b57c   0x0800b57c   0x00000140   Code   RO           18    i.show_sdcard_info  app_main.o
    0x0800b6bc   0x0800b6bc   0x00000030   Code   RO         4408    i.show_wait_queue   cmd.o
    0x0800b6ec   0x0800b6ec   0x00000028   Code   RO         5230    i.skip_atoi         kservice.o
    0x0800b714   0x0800b714   0x00000046   Code   RO         4133    i.sync_window       ff.o
    0x0800b75a   0x0800b75a   0x00000002   PAD
    0x0800b75c   0x0800b75c   0x000000f8   Code   RO           19    i.test_semaphore_entry  app_main.o
    0x0800b854   0x0800b854   0x000000d0   Code   RO           20    i.test_thread_entry  app_main.o
    0x0800b924   0x0800b924   0x000000d0   Code   RO         4687    i.usage_fault_track  cpuport.o
    0x0800b9f4   0x0800b9f4   0x0000000a   Code   RO         4409    i.version           cmd.o
    0x0800b9fe   0x0800b9fe   0x00000010   Data   RO         3404    .constdata          system_stm32f4xx.o
    0x0800ba0e   0x0800ba0e   0x00000008   Data   RO         3405    .constdata          system_stm32f4xx.o
    0x0800ba16   0x0800ba16   0x00004740   Data   RO         3658    .constdata          lcd.o
    0x08010156   0x08010156   0x00000006   Data   RO         4410    .constdata          cmd.o
    0x0801015c   0x0801015c   0x00000008   Data   RO         4411    .constdata          cmd.o
    0x08010164   0x08010164   0x0000000e   Data   RO         4412    .constdata          cmd.o
    0x08010172   0x08010172   0x0000000c   Data   RO         4413    .constdata          cmd.o
    0x0801017e   0x0801017e   0x00000012   Data   RO         4414    .constdata          cmd.o
    0x08010190   0x08010190   0x00000009   Data   RO         4415    .constdata          cmd.o
    0x08010199   0x08010199   0x0000000f   Data   RO         4416    .constdata          cmd.o
    0x080101a8   0x080101a8   0x0000000b   Data   RO         4417    .constdata          cmd.o
    0x080101b3   0x080101b3   0x00000011   Data   RO         4418    .constdata          cmd.o
    0x080101c4   0x080101c4   0x0000000b   Data   RO         4419    .constdata          cmd.o
    0x080101cf   0x080101cf   0x00000011   Data   RO         4420    .constdata          cmd.o
    0x080101e0   0x080101e0   0x0000000d   Data   RO         4421    .constdata          cmd.o
    0x080101ed   0x080101ed   0x00000013   Data   RO         4422    .constdata          cmd.o
    0x08010200   0x08010200   0x0000000e   Data   RO         4423    .constdata          cmd.o
    0x0801020e   0x0801020e   0x00000014   Data   RO         4424    .constdata          cmd.o
    0x08010222   0x08010222   0x0000000b   Data   RO         4425    .constdata          cmd.o
    0x0801022d   0x0801022d   0x00000011   Data   RO         4426    .constdata          cmd.o
    0x0801023e   0x0801023e   0x00000005   Data   RO         4427    .constdata          cmd.o
    0x08010243   0x08010243   0x0000000b   Data   RO         4539    .constdata          msh.o
    0x0801024e   0x0801024e   0x00000009   Data   RO         4540    .constdata          msh.o
    0x08010257   0x08010257   0x0000000b   Data   RO         4541    .constdata          msh.o
    0x08010262   0x08010262   0x0000000e   Data   RO         4542    .constdata          msh.o
    0x08010270   0x08010270   0x0000004a   Data   RO         4607    .constdata          shell.o
    0x080102ba   0x080102ba   0x00000014   Data   RO         4790    .constdata          components.o
    0x080102ce   0x080102ce   0x00000016   Data   RO         4857    .constdata          idle.o
    0x080102e4   0x080102e4   0x000001f7   Data   RO         4944    .constdata          ipc.o
    0x080104db   0x080104db   0x00000122   Data   RO         5232    .constdata          kservice.o
    0x080105fd   0x080105fd   0x00000009   Data   RO         5401    .constdata          mem.o
    0x08010606   0x08010606   0x0000003c   Data   RO         5402    .constdata          mem.o
    0x08010642   0x08010642   0x00000080   Data   RO         5479    .constdata          object.o
    0x080106c2   0x080106c2   0x00000034   Data   RO         5580    .constdata          scheduler.o
    0x080106f6   0x080106f6   0x000000b9   Data   RO         5661    .constdata          thread.o
    0x080107af   0x080107af   0x0000005c   Data   RO         5802    .constdata          timer.o
    0x0801080b   0x0801080b   0x00000001   PAD
    0x0801080c   0x0801080c   0x00000044   Data   RO         4428    .conststring        cmd.o
    0x08010850   0x08010850   0x00000116   Data   RO         4945    .conststring        ipc.o
    0x08010966   0x08010966   0x00000002   PAD
    0x08010968   0x08010968   0x000000ed   Data   RO         5403    .conststring        mem.o
    0x08010a55   0x08010a55   0x00000003   PAD
    0x08010a58   0x08010a58   0x00000042   Data   RO         5662    .conststring        thread.o
    0x08010a9a   0x08010a9a   0x00000002   PAD
    0x08010a9c   0x08010a9c   0x00000004   Data   RO         4791    .rti_fn.0           components.o
    0x08010aa0   0x08010aa0   0x00000004   Data   RO         4792    .rti_fn.0.end       components.o
    0x08010aa4   0x08010aa4   0x00000004   Data   RO         4793    .rti_fn.1.end       components.o
    0x08010aa8   0x08010aa8   0x00000004   Data   RO         4609    .rti_fn.6           shell.o
    0x08010aac   0x08010aac   0x00000004   Data   RO         4794    .rti_fn.6.end       components.o
    0x08010ab0   0x08010ab0   0x00000090   Data   RO         4429    FSymTab             cmd.o
    0x08010b40   0x08010b40   0x00000018   Data   RO         4543    FSymTab             msh.o
    0x08010b58   0x08010b58   0x00000008   Data   RO         5405    FSymTab             mem.o
    0x08010b60   0x08010b60   0x00000020   Data   RO         6276    Region$$Table       anon$$obj.o


    Execution Region RW_IRAM1 (Exec base: 0x20000000, Load base: 0x08010b80, Size: 0x000040e8, Max: 0x00020000, ABSOLUTE, COMPRESSED[0x00000058])

    Exec Addr    Load Addr    Size         Type   Attr      Idx    E Section Name        Object

    0x20000000   COMPRESSED   0x00000018   Data   RW           25    .data               app_main.o
    0x20000018   COMPRESSED   0x00000008   Data   RW          417    .data               stm32f4xx_hal_msp.o
    0x20000020   COMPRESSED   0x0000000c   Data   RW         3171    .data               stm32f4xx_hal.o
    0x2000002c   COMPRESSED   0x00000004   Data   RW         3406    .data               system_stm32f4xx.o
    0x20000030   COMPRESSED   0x00000004   Data   RW         3443    .data               delay.o
    0x20000034   COMPRESSED   0x00000010   Data   RW         3485    .data               usart.o
    0x20000044   COMPRESSED   0x00000004   Data   RW         3486    .data               usart.o
    0x20000048   COMPRESSED   0x00000008   Data   RW         3659    .data               lcd.o
    0x20000050   COMPRESSED   0x00000002   Data   RW         3854    .data               spi_flash.o
    0x20000052   COMPRESSED   0x00000002   PAD
    0x20000054   COMPRESSED   0x00000008   Data   RW         4137    .data               ff.o
    0x2000005c   COMPRESSED   0x00000018   Data   RW         4608    .data               shell.o
    0x20000074   COMPRESSED   0x00000004   Data   RW         4689    .data               cpuport.o
    0x20000078   COMPRESSED   0x00000004   Data   RW         4690    .data               cpuport.o
    0x2000007c   COMPRESSED   0x00000004   Data   RW         4691    .data               cpuport.o
    0x20000080   COMPRESSED   0x00000004   Data   RW         4692    .data               cpuport.o
    0x20000084   COMPRESSED   0x00000004   Data   RW         4747    .data               clock.o
    0x20000088   COMPRESSED   0x0000000c   Data   RW         5167    .data               irq.o
    0x20000094   COMPRESSED   0x00000008   Data   RW         5233    .data               kservice.o
    0x2000009c   COMPRESSED   0x00000020   Data   RW         5404    .data               mem.o
    0x200000bc   COMPRESSED   0x00000084   Data   RW         5480    .data               object.o
    0x20000140   COMPRESSED   0x00000018   Data   RW         5581    .data               scheduler.o
    0x20000158   COMPRESSED   0x0000000c   Data   RW         5663    .data               thread.o
    0x20000164   COMPRESSED   0x0000001c   Data   RW         5803    .data               timer.o
    0x20000180        -       0x00001100   Zero   RW           21    .bss                app_main.o
    0x20001280        -       0x00000134   Zero   RW          273    .bss                main.o
    0x200013b4        -       0x000000c8   Zero   RW         3483    .bss                usart.o
    0x2000147c        -       0x0000000e   Zero   RW         3657    .bss                lcd.o
    0x2000148a   COMPRESSED   0x00000002   PAD
    0x2000148c        -       0x00001058   Zero   RW         3853    .bss                spi_flash.o
    0x200024e4        -       0x000000a4   Zero   RW         3980    .bss                sdio_sdcard.o
    0x20002588        -       0x00000200   Zero   RW         4135    .bss                ff.o
    0x20002788        -       0x00000081   Zero   RW         4606    .bss                shell.o
    0x20002809   COMPRESSED   0x00000003   PAD
    0x2000280c        -       0x000001a0   Zero   RW         4856    .bss                idle.o
    0x200029ac        -       0x00000080   Zero   RW         5231    .bss                kservice.o
    0x20002a2c        -       0x00000028   Zero   RW         5400    .bss                mem.o
    0x20002a54        -       0x00000100   Zero   RW         5579    .bss                scheduler.o
    0x20002b54        -       0x00000190   Zero   RW         5801    .bss                timer.o
    0x20002ce4        -       0x00001000   Zero   RW         5912    .bss                board.o
    0x20003ce4   COMPRESSED   0x00000004   PAD
    0x20003ce8        -       0x00000400   Zero   RW            1    STACK               startup_stm32f407xx.o


==============================================================================

Image component sizes


      Code (inc. data)   RO Data    RW Data    ZI Data      Debug   Object Name

      1520        624          0         24       4352     740261   app_main.o
       122         18          0          0       4096       3075   board.o
       106         12          0          4          0       1988   clock.o
      2570        970        449          0          0      18894   cmd.o
       218         48         36          0          0       6556   components.o
       308         26          0          0          0        936   context_rvds.o
      1372        736          0         16          0       6906   cpuport.o
        90         10          0          4          0       1963   delay.o
       120          0          0          0          0       3401   diskio.o
      1084         40          0          8        512      23714   ff.o
       364         82         22          0        416       6947   idle.o
      3568        926        781          0          0      36996   ipc.o
        84         14          0         12          0       2418   irq.o
      1612        220        290          8        128      13396   kservice.o
     11222        104      18240          8         14      19101   lcd.o
      1024         80          0          0        308       5131   main.o
      1598        686        314         32         40       7279   mem.o
       816        168         69          0          0       8885   msh.o
       804        280        128        132          0      11282   object.o
       504        104         52         24        256       8886   scheduler.o
       248         36          0          0        164       4653   sdio_sdcard.o
       972        162         78         24        129      11344   shell.o
       536         48          0          2       4184       5348   spi_flash.o
        36          8        392          0       1024        848   startup_stm32f407xx.o
       180         28          0         12          0       9509   stm32f4xx_hal.o
       198         14          0          0          0      34055   stm32f4xx_hal_cortex.o
        36          0          0          0          0       1239   stm32f4xx_hal_dma.o
       474         46          0          0          0       3752   stm32f4xx_hal_gpio.o
       540         72          0          8          0       4411   stm32f4xx_hal_msp.o
      1340         82          0          0          0       5860   stm32f4xx_hal_rcc.o
       316         20          0          0          0       1416   stm32f4xx_hal_rcc_ex.o
      1210         34          0          0          0       7488   stm32f4xx_hal_rtc.o
        22          0          0          0          0       2339   stm32f4xx_hal_rtc_ex.o
      2544         34          0          0          0      13356   stm32f4xx_hal_sd.o
       846          8          0          0          0       4805   stm32f4xx_hal_spi.o
        86          0          0          0          0       1240   stm32f4xx_hal_sram.o
      1058         16          0          0          0       8475   stm32f4xx_hal_uart.o
        68         16          0          0          0       3818   stm32f4xx_it.o
       216         12          0          0          0       2759   stm32f4xx_ll_fsmc.o
      1656         46          0          0          0      23435   stm32f4xx_ll_sdmmc.o
        28          6         24          4          0       1167   system_stm32f4xx.o
      1418        400        251         12          0      17380   thread.o
      1538        498         92         28        400      15579   timer.o
       244         30          0         20        200       4656   usart.o

    ----------------------------------------------------------------------
     44982       6764      21258        384      16232    1116947   Object Totals
         0          0         32          0          0          0   (incl. Generated)
        66          0          8          2          9          0   (incl. Padding)

    ----------------------------------------------------------------------

      Code (inc. data)   RO Data    RW Data    ZI Data      Debug   Library Member Name

        86          0          0          0          0          0   __dczerorl2.o
         0          0          0          0          0          0   entry.o
         0          0          0          0          0          0   entry10a.o
         0          0          0          0          0          0   entry11a.o
         8          4          0          0          0          0   entry2.o
         4          0          0          0          0          0   entry5.o
         0          0          0          0          0          0   entry7b.o
         0          0          0          0          0          0   entry8b.o
         8          4          0          0          0          0   entry9a.o
        30          0          0          0          0          0   handlers.o
        36          8          0          0          0         68   init.o
         0          0          0          0          0          0   iusefp.o
        30          0          0          0          0         68   llshl.o
        32          0          0          0          0         68   llushr.o
        26          0          0          0          0         80   memcmp.o
        36          0          0          0          0         68   memcpya.o
        36          0          0          0          0        108   memseta.o
      1204         60          0          0          0        504   printf8.o
        24          0          0          0          0         68   strcat.o
        18          0          0          0          0         68   strcpy.o
        14          0          0          0          0         68   strlen.o
        30          0          0          0          0         80   strncmp.o
        24          0          0          0          0         76   strncpy.o
        98          0          0          0          0         92   uldiv.o
       186          0          0          0          0        176   depilogue.o
        50          0          0          0          0         76   dfixui.o
        26          0          0          0          0         76   dfltui.o
       228          0          0          0          0         96   dmul.o

    ----------------------------------------------------------------------
      2240         76          0          0          0       1840   Library Totals
         6          0          0          0          0          0   (incl. Padding)

    ----------------------------------------------------------------------

      Code (inc. data)   RO Data    RW Data    ZI Data      Debug   Library Name

      1744         76          0          0          0       1416   mc_w.l
       490          0          0          0          0        424   mf_w.l

    ----------------------------------------------------------------------
      2240         76          0          0          0       1840   Library Totals

    ----------------------------------------------------------------------

==============================================================================


      Code (inc. data)   RO Data    RW Data    ZI Data      Debug   

     47222       6840      21258        384      16232    1087883   Grand Totals
     47222       6840      21258         88      16232    1087883   ELF Image Totals (compressed)
     47222       6840      21258         88          0          0   ROM Totals

==============================================================================

    Total RO  Size (Code + RO Data)                68480 (  66.88kB)
    Total RW  Size (RW Data + ZI Data)             16616 (  16.23kB)
    Total ROM Size (Code + RO Data + RW Data)      68568 (  66.96kB)

==============================================================================

