<html>
<body>
<pre>
<h1>µVision Build Log</h1>
<h2>Tool Versions:</h2>
IDE-Version: ¦ÌVision V5.27.0.0
Copyright (C) 2018 ARM Ltd and ARM Germany GmbH. All rights reserved.
License Information: CHCSP123 Windows, HP Inc., LIC=NHYII-T33GP-AWI2F-605D6-ZFP8H-YMI8L
 
Tool Versions:
Toolchain:       MDK-ARM Professional  Version: 5.27.0.0
Toolchain Path:  D:\Program_study\MDK2527_install\ARM\ARMCC\Bin
C Compiler:      Armcc.exe V5.06 update 6 (build 750)
Assembler:       Armasm.exe V5.06 update 6 (build 750)
Linker/Locator:  ArmLink.exe V5.06 update 6 (build 750)
Library Manager: ArmAr.exe V5.06 update 6 (build 750)
Hex Converter:   FromElf.exe V5.06 update 6 (build 750)
CPU DLL:         SARMCM3.DLL V5.27.0.0
Dialog DLL:      DCM.DLL V1.17.2.0
Target DLL:      Segger\JL2CM3.dll V2.99.34.0
Dialog DLL:      TCM.DLL V1.36.1.0
 
<h2>Project:</h2>
C:\Users\29913\Desktop\STM32F407_Demo\App_F407Demo\MDK-ARM\App_F407Demo.uvprojx
Project File Date:  06/12/2022

<h2>Output:</h2>
*** Using Compiler 'V5.06 update 6 (build 750)', folder: 'D:\Program_study\MDK2527_install\ARM\ARMCC\Bin'
Rebuild Project 'App_F407Demo' - Target 'App_F407Demo'
assembling startup_stm32f407xx.s...
compiling stm32f4xx_hal_rtc.c...
compiling stm32f4xx_hal_sram.c...
compiling stm32f4xx_ll_fsmc.c...
compiling stm32f4xx_hal_spi.c...
compiling main.c...
C:\Users\29913\Desktop\STM32F407_Demo\App_F407Demo\Src\main.c(311): warning:  #550-D: variable "SD_Error"  was set but never used
     u8 SD_Error;
../Src/main.c: 1 warning, 0 errors
compiling stm32f4xx_it.c...
compiling App_Main.c...
C:\Users\29913\Desktop\STM32F407_Demo\App_F407Demo\HARDWARE\App_Main.c(365): warning:  #128-D: loop is not reachable
      while(1)
C:\Users\29913\Desktop\STM32F407_Demo\App_F407Demo\HARDWARE\App_Main.c(214): warning:  #550-D: variable "key"  was set but never used
      u8 key = 0;
C:\Users\29913\Desktop\STM32F407_Demo\App_F407Demo\HARDWARE\App_Main.c(218): warning:  #177-D: variable "x"  was declared but never referenced
   	u8 x=0;
C:\Users\29913\Desktop\STM32F407_Demo\App_F407Demo\HARDWARE\App_Main.c(223): warning:  #177-D: variable "i"  was declared but never referenced
  	u16 i=0;
C:\Users\29913\Desktop\STM32F407_Demo\App_F407Demo\HARDWARE\App_Main.c(224): warning:  #177-D: variable "datatemp"  was declared but never referenced
  	u8 datatemp[SIZE];
C:\Users\29913\Desktop\STM32F407_Demo\App_F407Demo\HARDWARE\App_Main.c(225): warning:  #177-D: variable "FLASH_SIZE"  was declared but never referenced
  	u32 FLASH_SIZE;
C:\Users\29913\Desktop\STM32F407_Demo\App_F407Demo\HARDWARE\App_Main.c(226): warning:  #177-D: variable "id"  was declared but never referenced
      u16 id = 0;  
C:\Users\29913\Desktop\STM32F407_Demo\App_F407Demo\HARDWARE\App_Main.c(229): warning:  #177-D: variable "buf"  was declared but never referenced
  	u8 *buf;
C:\Users\29913\Desktop\STM32F407_Demo\App_F407Demo\HARDWARE\App_Main.c(231): warning:  #177-D: variable "len"  was declared but never referenced
      UINT len;
..\HARDWARE\App_Main.c: 9 warnings, 0 errors
compiling stm32f4xx_hal_msp.c...
compiling stm32f4xx_hal_rtc_ex.c...
compiling stm32f4xx_hal_tim_ex.c...
compiling stm32f4xx_ll_sdmmc.c...
compiling stm32f4xx_hal_tim.c...
compiling stm32f4xx_hal_uart.c...
compiling stm32f4xx_hal_rcc.c...
compiling stm32f4xx_hal_rcc_ex.c...
compiling stm32f4xx_hal_sd.c...
compiling stm32f4xx_hal_flash.c...
compiling stm32f4xx_hal_pwr_ex.c...
compiling stm32f4xx_hal_flash_ramfunc.c...
compiling stm32f4xx_hal_flash_ex.c...
compiling stm32f4xx_hal_pwr.c...
compiling stm32f4xx_hal_gpio.c...
compiling stm32f4xx_hal_dma.c...
compiling stm32f4xx_hal_dma_ex.c...
compiling stm32f4xx_hal_cortex.c...
compiling system_stm32f4xx.c...
compiling stm32f4xx_hal_exti.c...
compiling usmart.c...
compiling stm32f4xx_hal.c...
compiling usart.c...
compiling key.c...
compiling delay.c...
compiling ffsystem.c...
compiling ff.c...
compiling ffunicode.c...
compiling msh.c...
compiling cmd.c...
assembling context_rvds.S...
compiling clock.c...
compiling shell.c...
compiling cpuport.c...
compiling components.c...
compiling irq.c...
compiling idle.c...
compiling ipc.c...
compiling mem.c...
compiling kservice.c...
compiling object.c...
compiling scheduler.c...
compiling thread.c...
compiling timer.c...
compiling lcd.c...
compiling sdio_sdcard.c...
compiling SPI_Flash.c...
compiling diskio.c...
C:\Users\29913\Desktop\STM32F407_Demo\App_F407Demo\HARDWARE\FATFS\source\diskio.c(28): warning:  #177-D: variable "result"  was declared but never referenced
  	int result;
C:\Users\29913\Desktop\STM32F407_Demo\App_F407Demo\HARDWARE\FATFS\source\diskio.c(66): warning:  #550-D: variable "result"  was set but never used
  	int result;
C:\Users\29913\Desktop\STM32F407_Demo\App_F407Demo\HARDWARE\FATFS\source\diskio.c(114): warning:  #188-D: enumerated type mixed with another type
  res = SD_ReadDisk(buff,sector,count);
C:\Users\29913\Desktop\STM32F407_Demo\App_F407Demo\HARDWARE\FATFS\source\diskio.c(107): warning:  #177-D: variable "result"  was declared but never referenced
  	int result;
C:\Users\29913\Desktop\STM32F407_Demo\App_F407Demo\HARDWARE\FATFS\source\diskio.c(164): warning:  #188-D: enumerated type mixed with another type
  res=SD_WriteDisk((u8*)buff,sector,count);
C:\Users\29913\Desktop\STM32F407_Demo\App_F407Demo\HARDWARE\FATFS\source\diskio.c(157): warning:  #177-D: variable "result"  was declared but never referenced
  	int result;
C:\Users\29913\Desktop\STM32F407_Demo\App_F407Demo\HARDWARE\FATFS\source\diskio.c(205): warning:  #177-D: variable "result"  was declared but never referenced
  	int result;
..\HARDWARE\FATFS\source\diskio.c: 7 warnings, 0 errors
compiling board.c...
linking...
Program Size: Code=47222 RO-data=21258 RW-data=384 ZI-data=16232  
FromELF: creating hex file...
"App_F407Demo\App_F407Demo.axf" - 0 Error(s), 17 Warning(s).

<h2>Software Packages used:</h2>

Package Vendor: ARM
                http://www.keil.com/pack/ARM.CMSIS.5.4.0.pack
                ARM.CMSIS.5.4.0
                CMSIS (Cortex Microcontroller Software Interface Standard)
   * Component: CORE Version: 5.1.2

Package Vendor: RealThread
                https://www.rt-thread.org/download/mdk/RealThread.RT-Thread.3.1.3.pack
                RealThread.RT-Thread.3.1.3
                RT-Thread Software Components
   * Component: kernel Version: 3.1.3
   * Component: shell Version: 3.1.3

Package Vendor: Keil
                http://www.keil.com/pack/Keil.STM32F4xx_DFP.2.9.0.pack
                Keil.STM32F4xx_DFP.2.9.0
                STMicroelectronics STM32F4 Series Device Support, Drivers and Examples

<h2>Collection of Component include folders:</h2>
  .\RTE\RTOS
  .\RTE\_App_F407Demo
  D:\Program_study\MDK2527_install\ARM\CMSIS\5.4.0\CMSIS\Core\Include
  D:\Program_study\MDK2527_install\Keil\STM32F4xx_DFP\2.9.0\Drivers\CMSIS\Device\ST\STM32F4xx\Include
  D:\Program_study\MDK2527_install\RealThread\RT-Thread\3.1.3\components\finsh
  D:\Program_study\MDK2527_install\RealThread\RT-Thread\3.1.3\include

<h2>Collection of Component Files used:</h2>

   * Component: ARM::CMSIS:CORE:5.1.2

   * Component: RealThread.RT-Thread::RTOS:kernel:3.1.3
      Source file:   libcpu\arm\cortex-m4\context_rvds.S
      Source file:   src\ipc.c
      Source file:   src\components.c
      Include file:  bsp\rtconfig.h
      Source file:   src\clock.c
      Source file:   src\mem.c
      Source file:   src\scheduler.c
      Source file:   src\timer.c
      Source file:   src\idle.c
      Source file:   src\kservice.c
      Source file:   src\thread.c
      Source file:   src\irq.c
      Source file:   libcpu\arm\cortex-m4\cpuport.c
      Source file:   src\object.c
      Source file:   bsp\board.c

   * Component: RealThread.RT-Thread::RTOS:shell:3.1.3
      Source file:   components\finsh\cmd.c
      Source file:   components\finsh\shell.c
      Source file:   components\finsh\msh.c
Build Time Elapsed:  00:01:44
</pre>
</body>
</html>
